GowinSynthesis start
Running parser ...
Analyzing Verilog file 'D:\Program\Gowin\Gowin_V1.9.12.01_x64\IDE\ipcore\DDR\data\ddr_138k.v'
Analyzing included file 'ddr_param.v'("D:\Program\Gowin\Gowin_V1.9.12.01_x64\IDE\ipcore\DDR\data\ddr_138k.v":1)
Back to file 'D:\Program\Gowin\Gowin_V1.9.12.01_x64\IDE\ipcore\DDR\data\ddr_138k.v'("D:\Program\Gowin\Gowin_V1.9.12.01_x64\IDE\ipcore\DDR\data\ddr_138k.v":1)
Compiling module 'eth_rxdv_ddr'("D:\Program\Gowin\Gowin_V1.9.12.01_x64\IDE\ipcore\DDR\data\ddr_138k.v":7)
NOTE  (EX0101) : Current top module is "eth_rxdv_ddr"
[5%] Running netlist conversion ...
Running device independent optimization ...
[10%] Optimizing Phase 0 completed
[15%] Optimizing Phase 1 completed
[25%] Optimizing Phase 2 completed
Running inference ...
[30%] Inferring Phase 0 completed
[40%] Inferring Phase 1 completed
[50%] Inferring Phase 2 completed
[55%] Inferring Phase 3 completed
Running technical mapping ...
[60%] Tech-Mapping Phase 0 completed
[65%] Tech-Mapping Phase 1 completed
[75%] Tech-Mapping Phase 2 completed
[80%] Tech-Mapping Phase 3 completed
[90%] Tech-Mapping Phase 4 completed
[95%] Generate netlist file "D:\Code\Project\GoWinSDRv2\FPGA\GoWinSDRv2\src\eth_rxdv_ddr\temp\DDR\eth_rxdv_ddr.vg" completed
Generate template file "D:\Code\Project\GoWinSDRv2\FPGA\GoWinSDRv2\src\eth_rxdv_ddr\temp\DDR\eth_rxdv_ddr_tmp.v" completed
[100%] Generate report file "D:\Code\Project\GoWinSDRv2\FPGA\GoWinSDRv2\src\eth_rxdv_ddr\temp\DDR\eth_rxdv_ddr_syn.rpt.html" completed
GowinSynthesis finish
