Component: ARM Compiler 5.06 update 7 (build 960) Tool: armlink [4d3601]

==============================================================================

Section Cross References

    startup_stm32f411xe.o(RESET) refers to startup_stm32f411xe.o(STACK) for __initial_sp
    startup_stm32f411xe.o(RESET) refers to startup_stm32f411xe.o(.text) for Reset_Handler
    startup_stm32f411xe.o(RESET) refers to stm32f4xx_it.o(i.NMI_Handler) for NMI_Handler
    startup_stm32f411xe.o(RESET) refers to stm32f4xx_it.o(i.HardFault_Handler) for HardFault_Handler
    startup_stm32f411xe.o(RESET) refers to stm32f4xx_it.o(i.MemManage_Handler) for MemManage_Handler
    startup_stm32f411xe.o(RESET) refers to stm32f4xx_it.o(i.BusFault_Handler) for BusFault_Handler
    startup_stm32f411xe.o(RESET) refers to stm32f4xx_it.o(i.UsageFault_Handler) for UsageFault_Handler
    startup_stm32f411xe.o(RESET) refers to stm32f4xx_it.o(i.SVC_Handler) for SVC_Handler
    startup_stm32f411xe.o(RESET) refers to stm32f4xx_it.o(i.DebugMon_Handler) for DebugMon_Handler
    startup_stm32f411xe.o(RESET) refers to stm32f4xx_it.o(i.PendSV_Handler) for PendSV_Handler
    startup_stm32f411xe.o(RESET) refers to stm32f4xx_it.o(i.SysTick_Handler) for SysTick_Handler
    startup_stm32f411xe.o(RESET) refers to stm32f4xx_it.o(i.EXTI9_5_IRQHandler) for EXTI9_5_IRQHandler
    startup_stm32f411xe.o(RESET) refers to stm32f4xx_it.o(i.TIM1_UP_TIM10_IRQHandler) for TIM1_UP_TIM10_IRQHandler
    startup_stm32f411xe.o(.text) refers to system_stm32f4xx.o(i.SystemInit) for SystemInit
    startup_stm32f411xe.o(.text) refers to entry.o(.ARM.Collect$$$$00000000) for __main
    main.o(i.SystemClock_Config) refers to memseta.o(.text) for __aeabi_memclr4
    main.o(i.SystemClock_Config) refers to stm32f4xx_hal_rcc.o(i.HAL_RCC_OscConfig) for HAL_RCC_OscConfig
    main.o(i.SystemClock_Config) refers to stm32f4xx_hal_rcc.o(i.HAL_RCC_ClockConfig) for HAL_RCC_ClockConfig
    main.o(i.main) refers to stm32f4xx_hal.o(i.HAL_Init) for HAL_Init
    main.o(i.main) refers to main.o(i.SystemClock_Config) for SystemClock_Config
    main.o(i.main) refers to gpio.o(i.MX_GPIO_Init) for MX_GPIO_Init
    main.o(i.main) refers to usart.o(i.MX_USART1_UART_Init) for MX_USART1_UART_Init
    main.o(i.main) refers to spi.o(i.MX_SPI2_Init) for MX_SPI2_Init
    main.o(i.main) refers to tim.o(i.MX_TIM1_Init) for MX_TIM1_Init
    main.o(i.main) refers to adc.o(i.MX_ADC1_Init) for MX_ADC1_Init
    main.o(i.main) refers to stm32f4xx_hal_gpio.o(i.HAL_GPIO_WritePin) for HAL_GPIO_WritePin
    main.o(i.main) refers to stm32f4xx_hal.o(i.HAL_Delay) for HAL_Delay
    main.o(i.main) refers to softspi.o(i.Soft_SPI_Init) for Soft_SPI_Init
    main.o(i.main) refers to printfa.o(i.__0printf) for __2printf
    main.o(i.main) refers to ad9361_api.o(i.ad9361_init) for ad9361_init
    main.o(i.main) refers to memcpya.o(.text) for __aeabi_memcpy4
    main.o(i.main) refers to ad9361_api.o(i.ad9361_set_tx_fir_config) for ad9361_set_tx_fir_config
    main.o(i.main) refers to ad9361_api.o(i.ad9361_set_rx_fir_config) for ad9361_set_rx_fir_config
    main.o(i.main) refers to ad9361_api.o(i.ad9361_set_en_state_machine_mode) for ad9361_set_en_state_machine_mode
    main.o(i.main) refers to ad9361_api.o(i.ad9361_get_rx_sampling_freq) for ad9361_get_rx_sampling_freq
    main.o(i.main) refers to ad9361_api.o(i.ad9361_get_tx_sampling_freq) for ad9361_get_tx_sampling_freq
    main.o(i.main) refers to dfltui.o(.text) for __aeabi_ui2d
    main.o(i.main) refers to ddiv.o(.text) for __aeabi_ddiv
    main.o(i.main) refers to ad9361_api.o(i.ad9361_get_rx_lo_freq) for ad9361_get_rx_lo_freq
    main.o(i.main) refers to ad9361_api.o(i.ad9361_get_tx_lo_freq) for ad9361_get_tx_lo_freq
    main.o(i.main) refers to dfltul.o(.text) for __aeabi_ul2d
    main.o(i.main) refers to ad9361_api.o(i.ad9361_set_tx_attenuation) for ad9361_set_tx_attenuation
    main.o(i.main) refers to ad9361_api.o(i.ad9361_set_rx_rf_gain) for ad9361_set_rx_rf_gain
    main.o(i.main) refers to ad9361_api.o(i.ad9361_set_tx_rf_port_output) for ad9361_set_tx_rf_port_output
    main.o(i.main) refers to ad9361.o(i.ad9361_spi_read) for ad9361_spi_read
    main.o(i.main) refers to console.o(i.console_print) for console_print
    main.o(i.main) refers to console.o(i.console_get_command) for console_get_command
    main.o(i.main) refers to console.o(i.console_check_commands) for console_check_commands
    main.o(i.main) refers to stm32f4xx_hal_gpio.o(i.HAL_GPIO_TogglePin) for HAL_GPIO_TogglePin
    main.o(i.main) refers to main.o(.data) for .data
    main.o(i.main) refers to command.o(.data) for cmd_list
    main.o(i.main) refers to command.o(.constdata) for cmd_no
    main.o(i.main) refers to main.o(.bss) for .bss
    gpio.o(i.MX_GPIO_Init) refers to memseta.o(.text) for __aeabi_memclr4
    gpio.o(i.MX_GPIO_Init) refers to stm32f4xx_hal_gpio.o(i.HAL_GPIO_WritePin) for HAL_GPIO_WritePin
    gpio.o(i.MX_GPIO_Init) refers to stm32f4xx_hal_gpio.o(i.HAL_GPIO_Init) for HAL_GPIO_Init
[...]
    I2C2_ER_IRQHandler                       0x080001cb   Thumb Code     0  startup_stm32f411xe.o(.text)
    I2C2_EV_IRQHandler                       0x080001cb   Thumb Code     0  startup_stm32f411xe.o(.text)
    I2C3_ER_IRQHandler                       0x080001cb   Thumb Code     0  startup_stm32f411xe.o(.text)
    I2C3_EV_IRQHandler                       0x080001cb   Thumb Code     0  startup_stm32f411xe.o(.text)
    OTG_FS_IRQHandler                        0x080001cb   Thumb Code     0  startup_stm32f411xe.o(.text)
    OTG_FS_WKUP_IRQHandler                   0x080001cb   Thumb Code     0  startup_stm32f411xe.o(.text)
    PVD_IRQHandler                           0x080001cb   Thumb Code     0  startup_stm32f411xe.o(.text)
    RCC_IRQHandler                           0x080001cb   Thumb Code     0  startup_stm32f411xe.o(.text)
    RTC_Alarm_IRQHandler                     0x080001cb   Thumb Code     0  startup_stm32f411xe.o(.text)
    RTC_WKUP_IRQHandler                      0x080001cb   Thumb Code     0  startup_stm32f411xe.o(.text)
    SDIO_IRQHandler                          0x080001cb   Thumb Code     0  startup_stm32f411xe.o(.text)
    SPI1_IRQHandler                          0x080001cb   Thumb Code     0  startup_stm32f411xe.o(.text)
    SPI2_IRQHandler                          0x080001cb   Thumb Code     0  startup_stm32f411xe.o(.text)
    SPI3_IRQHandler                          0x080001cb   Thumb Code     0  startup_stm32f411xe.o(.text)
    SPI4_IRQHandler                          0x080001cb   Thumb Code     0  startup_stm32f411xe.o(.text)
    SPI5_IRQHandler                          0x080001cb   Thumb Code     0  startup_stm32f411xe.o(.text)
    TAMP_STAMP_IRQHandler                    0x080001cb   Thumb Code     0  startup_stm32f411xe.o(.text)
    TIM1_BRK_TIM9_IRQHandler                 0x080001cb   Thumb Code     0  startup_stm32f411xe.o(.text)
    TIM1_CC_IRQHandler                       0x080001cb   Thumb Code     0  startup_stm32f411xe.o(.text)
    TIM1_TRG_COM_TIM11_IRQHandler            0x080001cb   Thumb Code     0  startup_stm32f411xe.o(.text)
    TIM2_IRQHandler                          0x080001cb   Thumb Code     0  startup_stm32f411xe.o(.text)
    TIM3_IRQHandler                          0x080001cb   Thumb Code     0  startup_stm32f411xe.o(.text)
    TIM4_IRQHandler                          0x080001cb   Thumb Code     0  startup_stm32f411xe.o(.text)
    TIM5_IRQHandler                          0x080001cb   Thumb Code     0  startup_stm32f411xe.o(.text)
    USART1_IRQHandler                        0x080001cb   Thumb Code     0  startup_stm32f411xe.o(.text)
    USART2_IRQHandler                        0x080001cb   Thumb Code     0  startup_stm32f411xe.o(.text)
    USART6_IRQHandler                        0x080001cb   Thumb Code     0  startup_stm32f411xe.o(.text)
    WWDG_IRQHandler                          0x080001cb   Thumb Code     0  startup_stm32f411xe.o(.text)
    __aeabi_uldivmod                         0x080001d5   Thumb Code    98  uldiv.o(.text)
    __aeabi_llsr                             0x08000237   Thumb Code    32  llushr.o(.text)
    _ll_ushift_r                             0x08000237   Thumb Code     0  llushr.o(.text)
    __aeabi_memcpy                           0x08000257   Thumb Code    36  memcpya.o(.text)
    __aeabi_memcpy4                          0x08000257   Thumb Code     0  memcpya.o(.text)
    __aeabi_memcpy8                          0x08000257   Thumb Code     0  memcpya.o(.text)
    __aeabi_memset                           0x0800027b   Thumb Code    14  memseta.o(.text)
    __aeabi_memset4                          0x0800027b   Thumb Code     0  memseta.o(.text)
    __aeabi_memset8                          0x0800027b   Thumb Code     0  memseta.o(.text)
    __aeabi_memclr                           0x08000289   Thumb Code     4  memseta.o(.text)
    __aeabi_memclr4                          0x08000289   Thumb Code     0  memseta.o(.text)
    __aeabi_memclr8                          0x08000289   Thumb Code     0  memseta.o(.text)
    _memset$wrapper                          0x0800028d   Thumb Code    18  memseta.o(.text)
    __aeabi_dadd                             0x0800029f   Thumb Code   322  dadd.o(.text)
    __aeabi_dsub                             0x080003e1   Thumb Code     6  dadd.o(.text)
    __aeabi_drsub                            0x080003e7   Thumb Code     6  dadd.o(.text)
    __aeabi_dmul                             0x080003ed   Thumb Code   228  dmul.o(.text)
    __aeabi_ddiv                             0x080004d1   Thumb Code   222  ddiv.o(.text)
    __aeabi_ui2d                             0x080005af   Thumb Code    26  dfltui.o(.text)
    __aeabi_ul2d                             0x080005c9   Thumb Code    24  dfltul.o(.text)
    __aeabi_d2iz                             0x080005e1   Thumb Code    62  dfixi.o(.text)
    __aeabi_d2uiz                            0x0800061f   Thumb Code    50  dfixui.o(.text)
    __aeabi_d2ulz                            0x08000651   Thumb Code    48  dfixul.o(.text)
    __aeabi_cdcmpeq                          0x08000681   Thumb Code     0  cdcmple.o(.text)
    __aeabi_cdcmple                          0x08000681   Thumb Code    48  cdcmple.o(.text)
    __aeabi_uidiv                            0x080006b1   Thumb Code     0  uidiv.o(.text)
    __aeabi_uidivmod                         0x080006b1   Thumb Code    44  uidiv.o(.text)
    __aeabi_llsl                             0x080006dd   Thumb Code    30  llshl.o(.text)
    _ll_shift_l                              0x080006dd   Thumb Code     0  llshl.o(.text)
    __aeabi_lasr                             0x080006fb   Thumb Code    36  llsshr.o(.text)
    _ll_sshift_r                             0x080006fb   Thumb Code     0  llsshr.o(.text)
    _sgetc                                   0x0800071f   Thumb Code    30  _sgetc.o(.text)
    _sbackspace                              0x0800073d   Thumb Code    34  _sgetc.o(.text)
    __strtod_int                             0x08000797   Thumb Code    90  strtod.o(.text)
    __I$use$fp                               0x080007fd   Thumb Code     0  iusefp.o(.text)
    _double_round                            0x080007fd   Thumb Code    30  depilogue.o(.text)
    _double_epilogue                         0x0800081b   Thumb Code   156  depilogue.o(.text)
    __aeabi_cdrcmple                         0x080008b9   Thumb Code    48  cdrcmple.o(.text)
    __scatterload                            0x080008e9   Thumb Code    28  init.o(.text)
    __scatterload_rt2                        0x080008e9   Thumb Code     0  init.o(.text)
    isspace                                  0x0800090d   Thumb Code    10  isspace_c.o(.text)
    _scanf_real                              0x08000a41   Thumb Code     0  scanf_fp.o(.text)
    _scanf_really_real                       0x08000a41   Thumb Code   556  scanf_fp.o(.text)
    __ctype_lookup                           0x08000c79   Thumb Code    34  ctype_c.o(.text)
    __aeabi_d2f                              0x08000ca1   Thumb Code    56  d2f.o(.text)
    _float_round                             0x08000cd9   Thumb Code    18  fepilogue.o(.text)
    _float_epilogue                          0x08000ceb   Thumb Code    92  fepilogue.o(.text)
    __decompress                             0x08000d47   Thumb Code     0  __dclz77c.o(.text)
    __decompress2                            0x08000d47   Thumb Code    94  __dclz77c.o(.text)
    BusFault_Handler                         0x08000ecd   Thumb Code     2  stm32f4xx_it.o(i.BusFault_Handler)
    DebugMon_Handler                         0x08000ecf   Thumb Code     2  stm32f4xx_it.o(i.DebugMon_Handler)
    ERR_PTR                                  0x08000ed1   Thumb Code     2  util.o(i.ERR_PTR)
    EXTI9_5_IRQHandler                       0x08000ed3   Thumb Code     8  stm32f4xx_it.o(i.EXTI9_5_IRQHandler)
    Error_Handler                            0x08000edb   Thumb Code     4  main.o(i.Error_Handler)
    HAL_ADC_ConfigChannel                    0x08000ee1   Thumb Code   334  stm32f4xx_hal_adc.o(i.HAL_ADC_ConfigChannel)
    HAL_ADC_GetValue                         0x08001045   Thumb Code     6  stm32f4xx_hal_adc.o(i.HAL_ADC_GetValue)
    HAL_ADC_Init                             0x0800104b   Thumb Code    84  stm32f4xx_hal_adc.o(i.HAL_ADC_Init)
    HAL_ADC_MspInit                          0x080010a1   Thumb Code    30  adc.o(i.HAL_ADC_MspInit)
    HAL_ADC_PollForConversion                0x080010c9   Thumb Code   170  stm32f4xx_hal_adc.o(i.HAL_ADC_PollForConversion)
    HAL_ADC_Start                            0x08001175   Thumb Code   188  stm32f4xx_hal_adc.o(i.HAL_ADC_Start)
    HAL_ADC_Stop                             0x08001241   Thumb Code    60  stm32f4xx_hal_adc.o(i.HAL_ADC_Stop)
    HAL_Delay                                0x0800127d   Thumb Code    32  stm32f4xx_hal.o(i.HAL_Delay)
    HAL_GPIO_EXTI_Callback                   0x080012a1   Thumb Code   102  command.o(i.HAL_GPIO_EXTI_Callback)
    HAL_GPIO_EXTI_IRQHandler                 0x08001311   Thumb Code    18  stm32f4xx_hal_gpio.o(i.HAL_GPIO_EXTI_IRQHandler)
    HAL_GPIO_Init                            0x08001329   Thumb Code   446  stm32f4xx_hal_gpio.o(i.HAL_GPIO_Init)
    HAL_GPIO_ReadPin                         0x08001509   Thumb Code    10  stm32f4xx_hal_gpio.o(i.HAL_GPIO_ReadPin)
    HAL_GPIO_TogglePin                       0x08001513   Thumb Code    16  stm32f4xx_hal_gpio.o(i.HAL_GPIO_TogglePin)
    HAL_GPIO_WritePin                        0x08001523   Thumb Code    10  stm32f4xx_hal_gpio.o(i.HAL_GPIO_WritePin)
    HAL_GetTick                              0x0800152d   Thumb Code     6  stm32f4xx_hal.o(i.HAL_GetTick)
    HAL_IncTick                              0x08001539   Thumb Code    12  stm32f4xx_hal.o(i.HAL_IncTick)
    HAL_Init                                 0x08001549   Thumb Code    48  stm32f4xx_hal.o(i.HAL_Init)
    HAL_InitTick                             0x0800157d   Thumb Code    54  stm32f4xx_hal.o(i.HAL_InitTick)
    HAL_MspInit                              0x080015bd   Thumb Code    42  stm32f4xx_hal_msp.o(i.HAL_MspInit)
    HAL_NVIC_EnableIRQ                       0x080015ed   Thumb Code    26  stm32f4xx_hal_cortex.o(i.HAL_NVIC_EnableIRQ)
    HAL_NVIC_SetPriority                     0x08001609   Thumb Code    60  stm32f4xx_hal_cortex.o(i.HAL_NVIC_SetPriority)
    HAL_NVIC_SetPriorityGrouping             0x08001649   Thumb Code    26  stm32f4xx_hal_cortex.o(i.HAL_NVIC_SetPriorityGrouping)
    HAL_RCC_ClockConfig                      0x0800166d   Thumb Code   288  stm32f4xx_hal_rcc.o(i.HAL_RCC_ClockConfig)
    HAL_RCC_GetPCLK1Freq                     0x080017a1   Thumb Code    20  stm32f4xx_hal_rcc.o(i.HAL_RCC_GetPCLK1Freq)
    HAL_RCC_GetPCLK2Freq                     0x080017c1   Thumb Code    20  stm32f4xx_hal_rcc.o(i.HAL_RCC_GetPCLK2Freq)
    HAL_RCC_GetSysClockFreq                  0x080017e1   Thumb Code    88  stm32f4xx_hal_rcc.o(i.HAL_RCC_GetSysClockFreq)
    HAL_RCC_OscConfig                        0x08001845   Thumb Code   856  stm32f4xx_hal_rcc.o(i.HAL_RCC_OscConfig)
    HAL_SPI_Init                             0x08001bb1   Thumb Code   188  stm32f4xx_hal_spi.o(i.HAL_SPI_Init)
    HAL_SPI_MspInit                          0x08001c6d   Thumb Code    94  spi.o(i.HAL_SPI_MspInit)
    HAL_SYSTICK_Config                       0x08001cd9   Thumb Code    40  stm32f4xx_hal_cortex.o(i.HAL_SYSTICK_Config)
    HAL_TIMEx_BreakCallback                  0x08001d01   Thumb Code     2  stm32f4xx_hal_tim_ex.o(i.HAL_TIMEx_BreakCallback)
    HAL_TIMEx_CommutCallback                 0x08001d03   Thumb Code     2  stm32f4xx_hal_tim_ex.o(i.HAL_TIMEx_CommutCallback)
    HAL_TIMEx_MasterConfigSynchronization    0x08001d05   Thumb Code   104  stm32f4xx_hal_tim_ex.o(i.HAL_TIMEx_MasterConfigSynchronization)
    HAL_TIM_Base_Init                        0x08001d81   Thumb Code    90  stm32f4xx_hal_tim.o(i.HAL_TIM_Base_Init)
    HAL_TIM_Base_MspInit                     0x08001ddd   Thumb Code    50  tim.o(i.HAL_TIM_Base_MspInit)
    HAL_TIM_Base_Start_IT                    0x08001e19   Thumb Code    88  stm32f4xx_hal_tim.o(i.HAL_TIM_Base_Start_IT)
    HAL_TIM_Base_Stop_IT                     0x08001e85   Thumb Code    48  stm32f4xx_hal_tim.o(i.HAL_TIM_Base_Stop_IT)
    HAL_TIM_ConfigClockSource                0x08001eb5   Thumb Code   220  stm32f4xx_hal_tim.o(i.HAL_TIM_ConfigClockSource)
    HAL_TIM_IC_CaptureCallback               0x08001f91   Thumb Code     2  stm32f4xx_hal_tim.o(i.HAL_TIM_IC_CaptureCallback)
    HAL_TIM_IRQHandler                       0x08001f93   Thumb Code   358  stm32f4xx_hal_tim.o(i.HAL_TIM_IRQHandler)
    HAL_TIM_OC_DelayElapsedCallback          0x080020f9   Thumb Code     2  stm32f4xx_hal_tim.o(i.HAL_TIM_OC_DelayElapsedCallback)
    HAL_TIM_PWM_PulseFinishedCallback        0x080020fb   Thumb Code     2  stm32f4xx_hal_tim.o(i.HAL_TIM_PWM_PulseFinishedCallback)
    HAL_TIM_PeriodElapsedCallback            0x080020fd   Thumb Code    28  command.o(i.HAL_TIM_PeriodElapsedCallback)
    HAL_TIM_TriggerCallback                  0x08002121   Thumb Code     2  stm32f4xx_hal_tim.o(i.HAL_TIM_TriggerCallback)
    HAL_UART_Init                            0x08002123   Thumb Code    98  stm32f4xx_hal_uart.o(i.HAL_UART_Init)
    HAL_UART_MspInit                         0x08002185   Thumb Code    92  usart.o(i.HAL_UART_MspInit)
    HAL_UART_Receive                         0x080021ed   Thumb Code   192  stm32f4xx_hal_uart.o(i.HAL_UART_Receive)
    HAL_UART_Transmit                        0x080022ad   Thumb Code   178  stm32f4xx_hal_uart.o(i.HAL_UART_Transmit)
    HardFault_Handler                        0x0800235f   Thumb Code     2  stm32f4xx_it.o(i.HardFault_Handler)
    MX_ADC1_Init                             0x08002361   Thumb Code    90  adc.o(i.MX_ADC1_Init)
    MX_GPIO_Init                             0x080023cd   Thumb Code   254  gpio.o(i.MX_GPIO_Init)
    MX_SPI2_Init                             0x080024dd   Thumb Code    60  spi.o(i.MX_SPI2_Init)
    MX_TIM1_Init                             0x08002521   Thumb Code    96  tim.o(i.MX_TIM1_Init)
    MX_USART1_UART_Init                      0x08002589   Thumb Code    48  usart.o(i.MX_USART1_UART_Init)
    MemManage_Handler                        0x080025c1   Thumb Code     2  stm32f4xx_it.o(i.MemManage_Handler)
    NMI_Handler                              0x080025c3   Thumb Code     2  stm32f4xx_it.o(i.NMI_Handler)
    PendSV_Handler                           0x080025c5   Thumb Code     2  stm32f4xx_it.o(i.PendSV_Handler)
    QueryDataFromFPGA_Polling                0x080025c9   Thumb Code   118  com_fpga.o(i.QueryDataFromFPGA_Polling)
    ReadDataBus                              0x08002649   Thumb Code     8  com_fpga.o(i.ReadDataBus)
    SVC_Handler                              0x08002655   Thumb Code     2  stm32f4xx_it.o(i.SVC_Handler)
    Soft_SPI_Init                            0x0800266d   Thumb Code   196  softspi.o(i.Soft_SPI_Init)
    Soft_SPI_ReadBuffer                      0x0800273d   Thumb Code    60  softspi.o(i.Soft_SPI_ReadBuffer)
    Soft_SPI_TransferBuffer                  0x0800277d   Thumb Code    64  softspi.o(i.Soft_SPI_TransferBuffer)
    Soft_SPI_TransferByte                    0x080027c1   Thumb Code   222  softspi.o(i.Soft_SPI_TransferByte)
    SysTick_Handler                          0x080028a9   Thumb Code     4  stm32f4xx_it.o(i.SysTick_Handler)
    SystemClock_Config                       0x080028ad   Thumb Code   136  main.o(i.SystemClock_Config)
    SystemInit                               0x0800293d   Thumb Code    12  system_stm32f4xx.o(i.SystemInit)
    TIM1_UP_TIM10_IRQHandler                 0x0800294d   Thumb Code     6  stm32f4xx_it.o(i.TIM1_UP_TIM10_IRQHandler)
    TIM_Base_SetConfig                       0x08002959   Thumb Code   122  stm32f4xx_hal_tim.o(i.TIM_Base_SetConfig)
    TIM_ETR_SetConfig                        0x080029f1   Thumb Code    20  stm32f4xx_hal_tim.o(i.TIM_ETR_SetConfig)
    UsageFault_Handler                       0x08002be1   Thumb Code     2  stm32f4xx_it.o(i.UsageFault_Handler)
    __0printf                                0x08002be5   Thumb Code    22  printfa.o(i.__0printf)
    __1printf                                0x08002be5   Thumb Code     0  printfa.o(i.__0printf)
    __2printf                                0x08002be5   Thumb Code     0  printfa.o(i.__0printf)
    __c89printf                              0x08002be5   Thumb Code     0  printfa.o(i.__0printf)
    printf                                   0x08002be5   Thumb Code     0  printfa.o(i.__0printf)
    __hardfp_atof                            0x08002d81   Thumb Code    44  atof.o(i.__hardfp_atof)
    __read_errno                             0x08002db9   Thumb Code     6  errno.o(i.__read_errno)
    __scatterload_copy                       0x08002dc5   Thumb Code    14  handlers.o(i.__scatterload_copy)
    __scatterload_null                       0x08002dd3   Thumb Code     2  handlers.o(i.__scatterload_null)
    __scatterload_zeroinit                   0x08002dd5   Thumb Code    14  handlers.o(i.__scatterload_zeroinit)
    __set_errno                              0x08002de5   Thumb Code     6  errno.o(i.__set_errno)
    _is_digit                                0x08002f75   Thumb Code    14  scanf_fp.o(i._is_digit)
    ad9361_1rx1tx_channel_map                0x0800368b   Thumb Code    28  ad9361.o(i.ad9361_1rx1tx_channel_map)
    ad9361_bbpll_recalc_rate                 0x080038f5   Thumb Code    76  ad9361.o(i.ad9361_bbpll_recalc_rate)
    ad9361_bbpll_round_rate                  0x08003941   Thumb Code   120  ad9361.o(i.ad9361_bbpll_round_rate)
    ad9361_bbpll_set_rate                    0x080039bd   Thumb Code   302  ad9361.o(i.ad9361_bbpll_set_rate)
    ad9361_bist_loopback                     0x08003b1d   Thumb Code   144  ad9361.o(i.ad9361_bist_loopback)
    ad9361_bist_prbs                         0x08003bc1   Thumb Code    62  ad9361.o(i.ad9361_bist_prbs)
    ad9361_calculate_rf_clock_chain          0x08003cad   Thumb Code   526  ad9361.o(i.ad9361_calculate_rf_clock_chain)
    ad9361_clk_factor_recalc_rate            0x08004005   Thumb Code    22  ad9361.o(i.ad9361_clk_factor_recalc_rate)
    ad9361_clk_factor_round_rate             0x0800401d   Thumb Code    84  ad9361.o(i.ad9361_clk_factor_round_rate)
    ad9361_clk_factor_set_rate               0x0800408d   Thumb Code    90  ad9361.o(i.ad9361_clk_factor_set_rate)
    ad9361_clk_mux_set_parent                0x08004129   Thumb Code    80  ad9361.o(i.ad9361_clk_mux_set_parent)
    ad9361_dig_tune                          0x080042a9   Thumb Code  1312  ad9361_conv.o(i.ad9361_dig_tune)
    ad9361_do_calib_run                      0x08004981   Thumb Code   134  ad9361.o(i.ad9361_do_calib_run)
    ad9361_en_dis_rx                         0x08004a25   Thumb Code    32  ad9361.o(i.ad9361_en_dis_rx)
    ad9361_en_dis_tx                         0x08004a45   Thumb Code    32  ad9361.o(i.ad9361_en_dis_tx)
    ad9361_ensm_force_state                  0x08004a65   Thumb Code   182  ad9361.o(i.ad9361_ensm_force_state)
    ad9361_ensm_restore_prev_state           0x08004bb9   Thumb Code   140  ad9361.o(i.ad9361_ensm_restore_prev_state)
    ad9361_ensm_set_state                    0x08004cb9   Thumb Code   604  ad9361.o(i.ad9361_ensm_set_state)
    ad9361_find_opt                          0x0800516d   Thumb Code    80  ad9361.o(i.ad9361_find_opt)
    ad9361_from_clk                          0x080051bd   Thumb Code     8  ad9361.o(i.ad9361_from_clk)
    ad9361_get_rx_fir_en_dis                 0x08005d5f   Thumb Code    18  ad9361_api.o(i.ad9361_get_rx_fir_en_dis)
    ad9361_get_rx_gain                       0x08005d71   Thumb Code   182  ad9361.o(i.ad9361_get_rx_gain)
    ad9361_get_rx_gain_control_mode          0x08005e7d   Thumb Code    12  ad9361_api.o(i.ad9361_get_rx_gain_control_mode)
    ad9361_get_rx_lo_freq                    0x08005e89   Thumb Code    24  ad9361_api.o(i.ad9361_get_rx_lo_freq)
    ad9361_get_rx_rf_bandwidth               0x08005ea1   Thumb Code    10  ad9361_api.o(i.ad9361_get_rx_rf_bandwidth)
    ad9361_get_rx_rf_gain                    0x08005ead   Thumb Code    72  ad9361_api.o(i.ad9361_get_rx_rf_gain)
    ad9361_get_rx_sampling_freq              0x08005f25   Thumb Code    16  ad9361_api.o(i.ad9361_get_rx_sampling_freq)
    ad9361_get_tx_atten                      0x0800600d   Thumb Code    38  ad9361.o(i.ad9361_get_tx_atten)
    ad9361_get_tx_attenuation                0x08006035   Thumb Code    60  ad9361_api.o(i.ad9361_get_tx_attenuation)
    ad9361_get_tx_fir_en_dis                 0x080060a1   Thumb Code    18  ad9361_api.o(i.ad9361_get_tx_fir_en_dis)
    ad9361_get_tx_lo_freq                    0x080060b3   Thumb Code    24  ad9361_api.o(i.ad9361_get_tx_lo_freq)
    ad9361_get_tx_rf_bandwidth               0x080060cb   Thumb Code    10  ad9361_api.o(i.ad9361_get_tx_rf_bandwidth)
    ad9361_get_tx_sampling_freq              0x080060d5   Thumb Code    18  ad9361_api.o(i.ad9361_get_tx_sampling_freq)
    ad9361_hdl_loopback                      0x080061dd   Thumb Code   140  ad9361_conv.o(i.ad9361_hdl_loopback)
    ad9361_init                              0x08006269   Thumb Code  3128  ad9361_api.o(i.ad9361_init)
    ad9361_init_gain_tables                  0x08006f79   Thumb Code    74  ad9361.o(i.ad9361_init_gain_tables)
    ad9361_load_fir_filter_coef              0x0800700d   Thumb Code   468  ad9361.o(i.ad9361_load_fir_filter_coef)
    ad9361_post_setup                        0x080074d5   Thumb Code   276  ad9361_conv.o(i.ad9361_post_setup)
    ad9361_reset                             0x080076fd   Thumb Code   114  ad9361.o(i.ad9361_reset)
    ad9361_rf_port_setup                     0x08007895   Thumb Code   100  ad9361.o(i.ad9361_rf_port_setup)
    ad9361_rfpll_dummy_recalc_rate           0x08007919   Thumb Code    14  ad9361.o(i.ad9361_rfpll_dummy_recalc_rate)
    ad9361_rfpll_dummy_set_rate              0x08007927   Thumb Code    16  ad9361.o(i.ad9361_rfpll_dummy_set_rate)
    ad9361_rfpll_int_recalc_rate             0x08007939   Thumb Code   314  ad9361.o(i.ad9361_rfpll_int_recalc_rate)
    ad9361_rfpll_int_round_rate              0x08007a99   Thumb Code    62  ad9361.o(i.ad9361_rfpll_int_round_rate)
    ad9361_rfpll_int_set_rate                0x08007af9   Thumb Code   550  ad9361.o(i.ad9361_rfpll_int_set_rate)
    ad9361_rfpll_recalc_rate                 0x08007d55   Thumb Code    82  ad9361.o(i.ad9361_rfpll_recalc_rate)
    ad9361_rfpll_round_rate                  0x08007da7   Thumb Code   114  ad9361.o(i.ad9361_rfpll_round_rate)
    ad9361_rfpll_set_rate                    0x08007e19   Thumb Code   236  ad9361.o(i.ad9361_rfpll_set_rate)
    ad9361_set_dcxo_tune                     0x08008f79   Thumb Code    70  ad9361.o(i.ad9361_set_dcxo_tune)
    ad9361_set_en_state_machine_mode         0x08008fe1   Thumb Code   102  ad9361_api.o(i.ad9361_set_en_state_machine_mode)
    ad9361_set_ensm_mode                     0x08009049   Thumb Code   106  ad9361.o(i.ad9361_set_ensm_mode)
    ad9361_set_gain_ctrl_mode                0x080090b5   Thumb Code   200  ad9361.o(i.ad9361_set_gain_ctrl_mode)
    ad9361_set_rx_fir_config                 0x08009201   Thumb Code    38  ad9361_api.o(i.ad9361_set_rx_fir_config)
    ad9361_set_rx_fir_en_dis                 0x08009229   Thumb Code    48  ad9361_api.o(i.ad9361_set_rx_fir_en_dis)
    ad9361_set_rx_gain                       0x08009259   Thumb Code   124  ad9361.o(i.ad9361_set_rx_gain)
    ad9361_set_rx_gain_control_mode          0x08009339   Thumb Code    74  ad9361_api.o(i.ad9361_set_rx_gain_control_mode)
    ad9361_set_rx_lo_freq                    0x080093b5   Thumb Code    28  ad9361_api.o(i.ad9361_set_rx_lo_freq)
    ad9361_set_rx_rf_bandwidth               0x080093d1   Thumb Code    36  ad9361_api.o(i.ad9361_set_rx_rf_bandwidth)
    ad9361_set_rx_rf_gain                    0x080093f5   Thumb Code    70  ad9361_api.o(i.ad9361_set_rx_rf_gain)
    ad9361_set_rx_sampling_freq              0x0800946d   Thumb Code    50  ad9361_api.o(i.ad9361_set_rx_sampling_freq)
    ad9361_set_trx_clock_chain               0x080094a1   Thumb Code   388  ad9361.o(i.ad9361_set_trx_clock_chain)
    ad9361_set_trx_clock_chain_freq          0x08009671   Thumb Code    40  ad9361.o(i.ad9361_set_trx_clock_chain_freq)
    ad9361_set_tx_atten                      0x08009699   Thumb Code   158  ad9361.o(i.ad9361_set_tx_atten)
    ad9361_set_tx_attenuation                0x0800976d   Thumb Code    88  ad9361_api.o(i.ad9361_set_tx_attenuation)
    ad9361_set_tx_fir_config                 0x080097f5   Thumb Code    34  ad9361_api.o(i.ad9361_set_tx_fir_config)
    ad9361_set_tx_fir_en_dis                 0x08009819   Thumb Code    48  ad9361_api.o(i.ad9361_set_tx_fir_en_dis)
    ad9361_set_tx_lo_freq                    0x08009849   Thumb Code    28  ad9361_api.o(i.ad9361_set_tx_lo_freq)
    ad9361_set_tx_rf_bandwidth               0x08009865   Thumb Code    36  ad9361_api.o(i.ad9361_set_tx_rf_bandwidth)
    ad9361_set_tx_rf_port_output             0x08009889   Thumb Code    20  ad9361_api.o(i.ad9361_set_tx_rf_port_output)
    ad9361_set_tx_sampling_freq              0x0800989d   Thumb Code    50  ad9361_api.o(i.ad9361_set_tx_sampling_freq)
    ad9361_setup                             0x080098d1   Thumb Code  1972  ad9361.o(i.ad9361_setup)
    ad9361_spi_read                          0x0800a091   Thumb Code    20  ad9361.o(i.ad9361_spi_read)
    ad9361_spi_readm                         0x0800a0a5   Thumb Code    74  ad9361.o(i.ad9361_spi_readm)
    ad9361_spi_write                         0x0800a105   Thumb Code    64  ad9361.o(i.ad9361_spi_write)
    ad9361_to_clk                            0x0800a1d5   Thumb Code     8  ad9361.o(i.ad9361_to_clk)
    ad9361_tracking_control                  0x0800a211   Thumb Code   184  ad9361.o(i.ad9361_tracking_control)
    ad9361_tx_mute                           0x0800a6d9   Thumb Code    94  ad9361.o(i.ad9361_tx_mute)
    ad9361_update_rf_bandwidth               0x0800ae45   Thumb Code    98  ad9361.o(i.ad9361_update_rf_bandwidth)
    ad9361_validate_enable_fir               0x0800aea9   Thumb Code   432  ad9361.o(i.ad9361_validate_enable_fir)
    ad9361_validate_rf_bw                    0x0800b1ad   Thumb Code    30  ad9361.o(i.ad9361_validate_rf_bw)
    ad9361_validate_rfpll                    0x0800b1d5   Thumb Code    50  ad9361.o(i.ad9361_validate_rfpll)
    adc_init                                 0x0800b2e1   Thumb Code    12  adc_core.o(i.adc_init)
    adc_read                                 0x0800b2f1   Thumb Code     2  adc_core.o(i.adc_read)
    adc_write                                0x0800b2f3   Thumb Code     2  adc_core.o(i.adc_write)
    axiadc_idelay_set                        0x0800b2f5   Thumb Code    62  platform.o(i.axiadc_idelay_set)
    axiadc_init                              0x0800b333   Thumb Code    22  platform.o(i.axiadc_init)
    axiadc_post_setup                        0x0800b349   Thumb Code     4  platform.o(i.axiadc_post_setup)
    axiadc_read                              0x0800b34d   Thumb Code    14  platform.o(i.axiadc_read)
    axiadc_set_pnsel                         0x0800b35b   Thumb Code   108  platform.o(i.axiadc_set_pnsel)
    axiadc_write                             0x0800b3c7   Thumb Code     6  platform.o(i.axiadc_write)
    cal_lo_diff                              0x0800b3cd   Thumb Code   536  command.o(i.cal_lo_diff)
    clk_get_rate                             0x0800b725   Thumb Code   120  util.o(i.clk_get_rate)
    clk_prepare_enable                       0x0800b79d   Thumb Code     4  util.o(i.clk_prepare_enable)
    clk_set_rate                             0x0800b7a1   Thumb Code   526  util.o(i.clk_set_rate)
    console_check_commands                   0x0800b9b1   Thumb Code   562  console.o(i.console_check_commands)
    console_get_command                      0x0800bc09   Thumb Code    42  console.o(i.console_get_command)
    console_print                            0x0800bc35   Thumb Code   412  console.o(i.console_print)
    dac_init                                 0x0800bddd   Thumb Code     2  dac_core.o(i.dac_init)
    dac_start_sync                           0x0800bddf   Thumb Code     2  dac_core.o(i.dac_start_sync)
    dac_stop                                 0x0800bde1   Thumb Code     2  dac_core.o(i.dac_stop)
    dds_set_frequency                        0x0800bde5   Thumb Code    70  dac_core.o(i.dds_set_frequency)
    dds_set_phase                            0x0800be31   Thumb Code    64  dac_core.o(i.dds_set_phase)
    dds_set_scale                            0x0800be79   Thumb Code    96  dac_core.o(i.dds_set_scale)
    dds_tx2_tone2_scale                      0x0800bee5   Thumb Code    10  command.o(i.dds_tx2_tone2_scale)
    dds_update                               0x0800bf0d   Thumb Code    86  dac_core.o(i.dds_update)
    do_div                                   0x0800bf69   Thumb Code    22  util.o(i.do_div)
    fan_state_set                            0x0800bf81   Thumb Code    58  command.o(i.fan_state_set)
    find_first_bit                           0x0800bfd5   Thumb Code    48  util.o(i.find_first_bit)
    fputc                                    0x0800c005   Thumb Code    20  usart.o(i.fputc)
    free                                     0x0800c01d   Thumb Code    76  malloc.o(i.free)
    get_dds_tx1_tone1_freq                   0x0800c06d   Thumb Code    10  command.o(i.get_dds_tx1_tone1_freq)
    get_dds_tx1_tone1_phase                  0x0800c095   Thumb Code    18  command.o(i.get_dds_tx1_tone1_phase)
    get_dds_tx1_tone1_scale                  0x0800c0c5   Thumb Code    10  command.o(i.get_dds_tx1_tone1_scale)
    get_dds_tx1_tone2_freq                   0x0800c0ed   Thumb Code    10  command.o(i.get_dds_tx1_tone2_freq)
    get_dds_tx1_tone2_phase                  0x0800c115   Thumb Code    18  command.o(i.get_dds_tx1_tone2_phase)
    get_dds_tx1_tone2_scale                  0x0800c145   Thumb Code    10  command.o(i.get_dds_tx1_tone2_scale)
    get_dds_tx2_tone1_freq                   0x0800c16d   Thumb Code    10  command.o(i.get_dds_tx2_tone1_freq)
    get_dds_tx2_tone1_phase                  0x0800c195   Thumb Code    18  command.o(i.get_dds_tx2_tone1_phase)
    get_dds_tx2_tone1_scale                  0x0800c1c5   Thumb Code    10  command.o(i.get_dds_tx2_tone1_scale)
    get_dds_tx2_tone2_freq                   0x0800c1ed   Thumb Code    10  command.o(i.get_dds_tx2_tone2_freq)
    get_dds_tx2_tone2_phase                  0x0800c215   Thumb Code    18  command.o(i.get_dds_tx2_tone2_phase)
    get_help                                 0x0800c245   Thumb Code    36  command.o(i.get_help)
    get_lo_diff                              0x0800c291   Thumb Code    18  command.o(i.get_lo_diff)
    get_register                             0x0800c2c5   Thumb Code     6  command.o(i.get_register)
    get_rx1_gc_mode                          0x0800c2f1   Thumb Code    26  command.o(i.get_rx1_gc_mode)
    get_rx1_rf_gain                          0x0800c321   Thumb Code    24  command.o(i.get_rx1_rf_gain)
    get_rx2_gc_mode                          0x0800c34d   Thumb Code    26  command.o(i.get_rx2_gc_mode)
    get_rx2_rf_gain                          0x0800c37d   Thumb Code    24  command.o(i.get_rx2_rf_gain)
    get_rx_fir_en                            0x0800c3a9   Thumb Code    24  command.o(i.get_rx_fir_en)
    get_rx_lo_freq                           0x0800c3d5   Thumb Code    38  command.o(i.get_rx_lo_freq)
    get_rx_rf_bandwidth                      0x0800c415   Thumb Code    22  command.o(i.get_rx_rf_bandwidth)
    get_rx_samp_freq                         0x0800c445   Thumb Code    22  command.o(i.get_rx_samp_freq)
    get_tx1_attenuation                      0x0800c475   Thumb Code    24  command.o(i.get_tx1_attenuation)
    get_tx2_attenuation                      0x0800c4a5   Thumb Code    24  command.o(i.get_tx2_attenuation)
    get_tx_fir_en                            0x0800c4d5   Thumb Code    24  command.o(i.get_tx_fir_en)
    get_tx_lo_freq                           0x0800c501   Thumb Code    38  command.o(i.get_tx_lo_freq)
    get_tx_rf_bandwidth                      0x0800c541   Thumb Code    22  command.o(i.get_tx_rf_bandwidth)
    get_tx_samp_freq                         0x0800c571   Thumb Code    22  command.o(i.get_tx_samp_freq)
    gpio_data                                0x0800c5a1   Thumb Code    56  platform.o(i.gpio_data)
    gpio_is_valid                            0x0800c5e9   Thumb Code    12  platform.o(i.gpio_is_valid)
    gpio_set_value                           0x0800c5f5   Thumb Code     8  platform.o(i.gpio_set_value)
    ilog2                                    0x0800c5fd   Thumb Code   100  util.o(i.ilog2)
    int_sqrt                                 0x0800c661   Thumb Code    34  util.o(i.int_sqrt)
    int_to_str                               0x0800c685   Thumb Code    72  console.o(i.int_to_str)
    main                                     0x0800c6e5   Thumb Code   632  main.o(i.main)
    malloc                                   0x0800caf1   Thumb Code    92  malloc.o(i.malloc)
    mdelay                                   0x0800cb5d   Thumb Code     4  platform.o(i.mdelay)
    query_led_state                          0x0800cb61   Thumb Code    10  command.o(i.query_led_state)
    query_led_state_set                      0x0800cb81   Thumb Code    62  command.o(i.query_led_state_set)
    query_temp                               0x0800cbf9   Thumb Code   224  command.o(i.query_temp)
    register_clocks                          0x0800cd3d   Thumb Code   464  ad9361.o(i.register_clocks)
    rx_lo_down                               0x0800d011   Thumb Code   114  command.o(i.rx_lo_down)
    rx_lo_up                                 0x0800d0b1   Thumb Code   112  command.o(i.rx_lo_up)
    set_dds_tx1_tone1_freq                   0x0800d14d   Thumb Code    64  command.o(i.set_dds_tx1_tone1_freq)
    set_dds_tx1_tone1_phase                  0x0800d1a9   Thumb Code    96  command.o(i.set_dds_tx1_tone1_phase)
    set_dds_tx1_tone1_scale                  0x0800d229   Thumb Code    66  command.o(i.set_dds_tx1_tone1_scale)
    set_dds_tx1_tone2_freq                   0x0800d28d   Thumb Code    64  command.o(i.set_dds_tx1_tone2_freq)
    set_dds_tx1_tone2_phase                  0x0800d2e9   Thumb Code    96  command.o(i.set_dds_tx1_tone2_phase)
    set_dds_tx1_tone2_scale                  0x0800d369   Thumb Code    66  command.o(i.set_dds_tx1_tone2_scale)
    set_dds_tx2_tone1_freq                   0x0800d3cd   Thumb Code    64  command.o(i.set_dds_tx2_tone1_freq)
    set_dds_tx2_tone1_phase                  0x0800d429   Thumb Code    96  command.o(i.set_dds_tx2_tone1_phase)
    set_dds_tx2_tone1_scale                  0x0800d4a9   Thumb Code    66  command.o(i.set_dds_tx2_tone1_scale)
    set_dds_tx2_tone2_freq                   0x0800d50d   Thumb Code    64  command.o(i.set_dds_tx2_tone2_freq)
    set_dds_tx2_tone2_phase                  0x0800d569   Thumb Code    96  command.o(i.set_dds_tx2_tone2_phase)
    set_dds_tx2_tone2_scale                  0x0800d5e9   Thumb Code    66  command.o(i.set_dds_tx2_tone2_scale)
    set_rx1_gc_mode                          0x0800d741   Thumb Code    52  command.o(i.set_rx1_gc_mode)
    set_rx1_rf_gain                          0x0800d789   Thumb Code    52  command.o(i.set_rx1_rf_gain)
    set_rx2_gc_mode                          0x0800d7d1   Thumb Code    52  command.o(i.set_rx2_gc_mode)
    set_rx2_rf_gain                          0x0800d819   Thumb Code    52  command.o(i.set_rx2_rf_gain)
    set_rx_fir_en                            0x0800d861   Thumb Code    50  command.o(i.set_rx_fir_en)
    set_rx_lo_freq                           0x0800d8a9   Thumb Code    78  command.o(i.set_rx_lo_freq)
    set_rx_rf_bandwidth                      0x0800d911   Thumb Code    50  command.o(i.set_rx_rf_bandwidth)
    set_rx_samp_freq                         0x0800d95d   Thumb Code    60  command.o(i.set_rx_samp_freq)
    set_tx1_attenuation                      0x0800dbad   Thumb Code    52  command.o(i.set_tx1_attenuation)
    set_tx2_attenuation                      0x0800dbf9   Thumb Code    52  command.o(i.set_tx2_attenuation)
    set_tx_fir_en                            0x0800dc45   Thumb Code    50  command.o(i.set_tx_fir_en)
    set_tx_lo_freq                           0x0800dc8d   Thumb Code    78  command.o(i.set_tx_lo_freq)
    set_tx_rf_bandwidth                      0x0800dcf5   Thumb Code    40  command.o(i.set_tx_rf_bandwidth)
    set_tx_samp_freq                         0x0800dd21   Thumb Code    60  command.o(i.set_tx_samp_freq)
    show_invalid_param_message               0x0800dd75   Thumb Code    38  command.o(i.show_invalid_param_message)
    spi_write_then_read                      0x0800ddd1   Thumb Code    66  platform.o(i.spi_write_then_read)
    uart_read_char                           0x0800de19   Thumb Code    14  console.o(i.uart_read_char)
    uart_write_char                          0x0800de2d   Thumb Code    18  console.o(i.uart_write_char)
    uart_write_string                        0x0800de45   Thumb Code    20  console.o(i.uart_write_string)
    udelay                                   0x0800de59   Thumb Code    18  platform.o(i.udelay)
    zmalloc                                  0x0800de6b   Thumb Code    28  util.o(i.zmalloc)
    AHBPrescTable                            0x0800de86   Data          16  system_stm32f4xx.o(.constdata)
    APBPrescTable                            0x0800de96   Data           8  system_stm32f4xx.o(.constdata)
    cmd_no                                   0x0800fb7c   Data           1  command.o(.constdata)
    __ctype_categories                       0x0800fb7d   Data          64  ctype_c.o(.constdata)
    Region$$Table$$Base                      0x08010908   Number         0  anon$$obj.o(Region$$Table)
    Region$$Table$$Limit                     0x08010928   Number         0  anon$$obj.o(Region$$Table)
    cmd                                      0x20000000   Data           1  main.o(.data)
    param_no                                 0x20000001   Data           1  main.o(.data)
    invalid_cmd                              0x20000002   Data           1  main.o(.data)
    cmd_type                                 0x20000004   Data           4  main.o(.data)
    ad9361_phy                               0x20000008   Data           4  main.o(.data)
    default_init_param                       0x20000010   Data         520  main.o(.data)
    rx_fir_config                            0x20000218   Data         300  main.o(.data)
    tx_fir_config                            0x20000344   Data         300  main.o(.data)
    uwTickFreq                               0x20000470   Data           1  stm32f4xx_hal.o(.data)
    uwTickPrio                               0x20000474   Data           4  stm32f4xx_hal.o(.data)
    uwTick                                   0x20000478   Data           4  stm32f4xx_hal.o(.data)
    SystemCoreClock                          0x2000047c   Data           4  system_stm32f4xx.o(.data)
    adc_st                                   0x20000490   Data           1  adc_core.o(.data)
    led_state                                0x20000494   Data           1  command.o(.data)
    led_interrupt_en                         0x20000495   Data           1  command.o(.data)
    edge_dir                                 0x20000496   Data           1  command.o(.data)
    led_short_lock                           0x20000497   Data           1  command.o(.data)
    led_short_count                          0x20000498   Data           1  command.o(.data)
    rise_trig_time                           0x2000049c   Data           4  command.o(.data)
    fall_trig_time                           0x200004a0   Data           4  command.o(.data)
    cmd_list                                 0x200004a4   Data         992  command.o(.data)
    __stdout                                 0x20000898   Data           4  stdout.o(.data)
    __microlib_freelist                      0x2000089c   Data           4  mvars.o(.data)
    __microlib_freelist_initialised          0x200008a0   Data           4  mvars.o(.data)
    param                                    0x200008a8   Data          40  main.o(.bss)
    received_cmd                             0x200008d0   Data          30  main.o(.bss)
    hadc1                                    0x200008f0   Data          72  adc.o(.bss)
    hspi2                                    0x20000938   Data          88  spi.o(.bss)
    htim1                                    0x20000990   Data          72  tim.o(.bss)
    huart1                                   0x200009d8   Data          68  usart.o(.bss)
    dds_st                                   0x20000a1c   Data         240  dac_core.o(.bss)
    __heap_base                              0x20000b10   Data           0  startup_stm32f411xe.o(HEAP)
    __heap_limit                             0x20001b10   Data           0  startup_stm32f411xe.o(HEAP)
    __initial_sp                             0x20001f10   Data           0  startup_stm32f411xe.o(STACK)



==============================================================================

Memory Map of the image

  Image Entry point : 0x08000199

  Load Region LR_IROM1 (Base: 0x08000000, Size: 0x000111d0, Max: 0x00080000, ABSOLUTE, COMPRESSED[0x00010d1c])

    Execution Region ER_IROM1 (Exec base: 0x08000000, Load base: 0x08000000, Size: 0x00010928, Max: 0x00080000, ABSOLUTE)

    Exec Addr    Load Addr    Size         Type   Attr      Idx    E Section Name        Object

    0x08000000   0x08000000   0x00000198   Data   RO            3    RESET               startup_stm32f411xe.o
    0x08000198   0x08000198   0x00000000   Code   RO         6136  * .ARM.Collect$$$$00000000  mc_w.l(entry.o)
    0x08000198   0x08000198   0x00000004   Code   RO         6466    .ARM.Collect$$$$00000001  mc_w.l(entry2.o)
    0x0800019c   0x0800019c   0x00000004   Code   RO         6469    .ARM.Collect$$$$00000004  mc_w.l(entry5.o)
    0x080001a0   0x080001a0   0x00000000   Code   RO         6471    .ARM.Collect$$$$00000008  mc_w.l(entry7b.o)
    0x080001a0   0x080001a0   0x00000000   Code   RO         6473    .ARM.Collect$$$$0000000A  mc_w.l(entry8b.o)
    0x080001a0   0x080001a0   0x00000008   Code   RO         6474    .ARM.Collect$$$$0000000B  mc_w.l(entry9a.o)
    0x080001a8   0x080001a8   0x00000004   Code   RO         6481    .ARM.Collect$$$$0000000E  mc_w.l(entry12b.o)
    0x080001ac   0x080001ac   0x00000000   Code   RO         6476    .ARM.Collect$$$$0000000F  mc_w.l(entry10a.o)
    0x080001ac   0x080001ac   0x00000000   Code   RO         6478    .ARM.Collect$$$$00000011  mc_w.l(entry11a.o)
    0x080001ac   0x080001ac   0x00000004   Code   RO         6467    .ARM.Collect$$$$00002712  mc_w.l(entry2.o)
    0x080001b0   0x080001b0   0x00000024   Code   RO            4    .text               startup_stm32f411xe.o
    0x080001d4   0x080001d4   0x00000062   Code   RO         6139    .text               mc_w.l(uldiv.o)
    0x08000236   0x08000236   0x00000020   Code   RO         6141    .text               mc_w.l(llushr.o)
    0x08000256   0x08000256   0x00000024   Code   RO         6143    .text               mc_w.l(memcpya.o)
    0x0800027a   0x0800027a   0x00000024   Code   RO         6145    .text               mc_w.l(memseta.o)
    0x0800029e   0x0800029e   0x0000014e   Code   RO         6446    .text               mf_w.l(dadd.o)
    0x080003ec   0x080003ec   0x000000e4   Code   RO         6448    .text               mf_w.l(dmul.o)
    0x080004d0   0x080004d0   0x000000de   Code   RO         6450    .text               mf_w.l(ddiv.o)
    0x080005ae   0x080005ae   0x0000001a   Code   RO         6454    .text               mf_w.l(dfltui.o)
    0x080005c8   0x080005c8   0x00000018   Code   RO         6456    .text               mf_w.l(dfltul.o)
    0x080005e0   0x080005e0   0x0000003e   Code   RO         6458    .text               mf_w.l(dfixi.o)
    0x0800061e   0x0800061e   0x00000032   Code   RO         6460    .text               mf_w.l(dfixui.o)
    0x08000650   0x08000650   0x00000030   Code   RO         6462    .text               mf_w.l(dfixul.o)
    0x08000680   0x08000680   0x00000030   Code   RO         6464    .text               mf_w.l(cdcmple.o)
    0x080006b0   0x080006b0   0x0000002c   Code   RO         6483    .text               mc_w.l(uidiv.o)
    0x080006dc   0x080006dc   0x0000001e   Code   RO         6485    .text               mc_w.l(llshl.o)
    0x080006fa   0x080006fa   0x00000024   Code   RO         6487    .text               mc_w.l(llsshr.o)
    0x0800071e   0x0800071e   0x00000040   Code   RO         6502    .text               mc_w.l(_sgetc.o)
    0x0800075e   0x0800075e   0x00000002   PAD
    0x08000760   0x08000760   0x0000009c   Code   RO         6504    .text               mc_w.l(strtod.o)
    0x080007fc   0x080007fc   0x00000000   Code   RO         6506    .text               mc_w.l(iusefp.o)
    0x080007fc   0x080007fc   0x000000ba   Code   RO         6507    .text               mf_w.l(depilogue.o)
    0x080008b6   0x080008b6   0x00000002   PAD
    0x080008b8   0x080008b8   0x00000030   Code   RO         6509    .text               mf_w.l(cdrcmple.o)
    0x080008e8   0x080008e8   0x00000024   Code   RO         6511    .text               mc_w.l(init.o)
    0x0800090c   0x0800090c   0x0000000a   Code   RO         6513    .text               mc_w.l(isspace_c.o)
    0x08000916   0x08000916   0x00000002   PAD
    0x08000918   0x08000918   0x00000360   Code   RO         6517    .text               mc_w.l(scanf_fp.o)
    0x08000c78   0x08000c78   0x00000028   Code   RO         6521    .text               mc_w.l(ctype_c.o)
    0x08000ca0   0x08000ca0   0x00000038   Code   RO         6524    .text               mf_w.l(d2f.o)
    0x08000cd8   0x08000cd8   0x0000006e   Code   RO         6526    .text               mf_w.l(fepilogue.o)
    0x08000d46   0x08000d46   0x0000005e   Code   RO         6536    .text               mc_w.l(__dclz77c.o)
    0x08000da4   0x08000da4   0x00000128   Code   RO          559    i.ADC_Init          stm32f4xx_hal_adc.o
    0x08000ecc   0x08000ecc   0x00000002   Code   RO          444    i.BusFault_Handler  stm32f4xx_it.o
    0x08000ece   0x08000ece   0x00000002   Code   RO          445    i.DebugMon_Handler  stm32f4xx_it.o
    0x08000ed0   0x08000ed0   0x00000002   Code   RO         5867    i.ERR_PTR           util.o
    0x08000ed2   0x08000ed2   0x00000008   Code   RO          446    i.EXTI9_5_IRQHandler  stm32f4xx_it.o
    0x08000eda   0x08000eda   0x00000004   Code   RO           13    i.Error_Handler     main.o
    0x08000ede   0x08000ede   0x00000002   PAD
    0x08000ee0   0x08000ee0   0x00000164   Code   RO          561    i.HAL_ADC_ConfigChannel  stm32f4xx_hal_adc.o
    0x08001044   0x08001044   0x00000006   Code   RO          568    i.HAL_ADC_GetValue  stm32f4xx_hal_adc.o
    0x0800104a   0x0800104a   0x00000054   Code   RO          570    i.HAL_ADC_Init      stm32f4xx_hal_adc.o
    0x0800109e   0x0800109e   0x00000002   PAD
    0x080010a0   0x080010a0   0x00000028   Code   RO          267    i.HAL_ADC_MspInit   adc.o
    0x080010c8   0x080010c8   0x000000aa   Code   RO          574    i.HAL_ADC_PollForConversion  stm32f4xx_hal_adc.o
    0x08001172   0x08001172   0x00000002   PAD
    0x08001174   0x08001174   0x000000cc   Code   RO          576    i.HAL_ADC_Start     stm32f4xx_hal_adc.o
    0x08001240   0x08001240   0x0000003c   Code   RO          579    i.HAL_ADC_Stop      stm32f4xx_hal_adc.o
    0x0800127c   0x0800127c   0x00000024   Code   RO         1793    i.HAL_Delay         stm32f4xx_hal.o
    0x080012a0   0x080012a0   0x00000070   Code   RO         5071    i.HAL_GPIO_EXTI_Callback  command.o
    0x08001310   0x08001310   0x00000018   Code   RO         1242    i.HAL_GPIO_EXTI_IRQHandler  stm32f4xx_hal_gpio.o
    0x08001328   0x08001328   0x000001e0   Code   RO         1243    i.HAL_GPIO_Init     stm32f4xx_hal_gpio.o
    0x08001508   0x08001508   0x0000000a   Code   RO         1245    i.HAL_GPIO_ReadPin  stm32f4xx_hal_gpio.o
    0x08001512   0x08001512   0x00000010   Code   RO         1246    i.HAL_GPIO_TogglePin  stm32f4xx_hal_gpio.o
    0x08001522   0x08001522   0x0000000a   Code   RO         1247    i.HAL_GPIO_WritePin  stm32f4xx_hal_gpio.o
    0x0800152c   0x0800152c   0x0000000c   Code   RO         1799    i.HAL_GetTick       stm32f4xx_hal.o
    0x08001538   0x08001538   0x00000010   Code   RO         1805    i.HAL_IncTick       stm32f4xx_hal.o
    0x08001548   0x08001548   0x00000034   Code   RO         1806    i.HAL_Init          stm32f4xx_hal.o
    0x0800157c   0x0800157c   0x00000040   Code   RO         1807    i.HAL_InitTick      stm32f4xx_hal.o
    0x080015bc   0x080015bc   0x00000030   Code   RO          532    i.HAL_MspInit       stm32f4xx_hal_msp.o
    0x080015ec   0x080015ec   0x0000001a   Code   RO         1656    i.HAL_NVIC_EnableIRQ  stm32f4xx_hal_cortex.o
    0x08001606   0x08001606   0x00000002   PAD
    0x08001608   0x08001608   0x00000040   Code   RO         1662    i.HAL_NVIC_SetPriority  stm32f4xx_hal_cortex.o
    0x08001648   0x08001648   0x00000024   Code   RO         1663    i.HAL_NVIC_SetPriorityGrouping  stm32f4xx_hal_cortex.o
    0x0800166c   0x0800166c   0x00000134   Code   RO          835    i.HAL_RCC_ClockConfig  stm32f4xx_hal_rcc.o
    0x080017a0   0x080017a0   0x00000020   Code   RO          842    i.HAL_RCC_GetPCLK1Freq  stm32f4xx_hal_rcc.o
    0x080017c0   0x080017c0   0x00000020   Code   RO          843    i.HAL_RCC_GetPCLK2Freq  stm32f4xx_hal_rcc.o
    0x080017e0   0x080017e0   0x00000064   Code   RO          844    i.HAL_RCC_GetSysClockFreq  stm32f4xx_hal_rcc.o
    0x08001844   0x08001844   0x0000036c   Code   RO          847    i.HAL_RCC_OscConfig  stm32f4xx_hal_rcc.o
    0x08001bb0   0x08001bb0   0x000000bc   Code   RO         2055    i.HAL_SPI_Init      stm32f4xx_hal_spi.o
    0x08001c6c   0x08001c6c   0x0000006c   Code   RO          309    i.HAL_SPI_MspInit   spi.o
    0x08001cd8   0x08001cd8   0x00000028   Code   RO         1667    i.HAL_SYSTICK_Config  stm32f4xx_hal_cortex.o
    0x08001d00   0x08001d00   0x00000002   Code   RO         3072    i.HAL_TIMEx_BreakCallback  stm32f4xx_hal_tim_ex.o
    0x08001d02   0x08001d02   0x00000002   Code   RO         3073    i.HAL_TIMEx_CommutCallback  stm32f4xx_hal_tim_ex.o
    0x08001d04   0x08001d04   0x0000007c   Code   RO         3091    i.HAL_TIMEx_MasterConfigSynchronization  stm32f4xx_hal_tim_ex.o
    0x08001d80   0x08001d80   0x0000005a   Code   RO         2368    i.HAL_TIM_Base_Init  stm32f4xx_hal_tim.o
    0x08001dda   0x08001dda   0x00000002   PAD
    0x08001ddc   0x08001ddc   0x0000003c   Code   RO          351    i.HAL_TIM_Base_MspInit  tim.o
    0x08001e18   0x08001e18   0x0000006c   Code   RO         2373    i.HAL_TIM_Base_Start_IT  stm32f4xx_hal_tim.o
    0x08001e84   0x08001e84   0x00000030   Code   RO         2376    i.HAL_TIM_Base_Stop_IT  stm32f4xx_hal_tim.o
    0x08001eb4   0x08001eb4   0x000000dc   Code   RO         2377    i.HAL_TIM_ConfigClockSource  stm32f4xx_hal_tim.o
    0x08001f90   0x08001f90   0x00000002   Code   RO         2402    i.HAL_TIM_IC_CaptureCallback  stm32f4xx_hal_tim.o
    0x08001f92   0x08001f92   0x00000166   Code   RO         2416    i.HAL_TIM_IRQHandler  stm32f4xx_hal_tim.o
    0x080020f8   0x080020f8   0x00000002   Code   RO         2419    i.HAL_TIM_OC_DelayElapsedCallback  stm32f4xx_hal_tim.o
    0x080020fa   0x080020fa   0x00000002   Code   RO         2446    i.HAL_TIM_PWM_PulseFinishedCallback  stm32f4xx_hal_tim.o
    0x080020fc   0x080020fc   0x00000024   Code   RO         5072    i.HAL_TIM_PeriodElapsedCallback  command.o
    0x08002120   0x08002120   0x00000002   Code   RO         2459    i.HAL_TIM_TriggerCallback  stm32f4xx_hal_tim.o
    0x08002122   0x08002122   0x00000062   Code   RO         3368    i.HAL_UART_Init     stm32f4xx_hal_uart.o
    0x08002184   0x08002184   0x00000068   Code   RO          393    i.HAL_UART_MspInit  usart.o
    0x080021ec   0x080021ec   0x000000c0   Code   RO         3371    i.HAL_UART_Receive  stm32f4xx_hal_uart.o
    0x080022ac   0x080022ac   0x000000b2   Code   RO         3376    i.HAL_UART_Transmit  stm32f4xx_hal_uart.o
    0x0800235e   0x0800235e   0x00000002   Code   RO          447    i.HardFault_Handler  stm32f4xx_it.o
    0x08002360   0x08002360   0x0000006c   Code   RO          268    i.MX_ADC1_Init      adc.o
    0x080023cc   0x080023cc   0x00000110   Code   RO          242    i.MX_GPIO_Init      gpio.o
    0x080024dc   0x080024dc   0x00000044   Code   RO          310    i.MX_SPI2_Init      spi.o
    0x08002520   0x08002520   0x00000068   Code   RO          352    i.MX_TIM1_Init      tim.o
    0x08002588   0x08002588   0x00000038   Code   RO          394    i.MX_USART1_UART_Init  usart.o
    0x080025c0   0x080025c0   0x00000002   Code   RO          448    i.MemManage_Handler  stm32f4xx_it.o
    0x080025c2   0x080025c2   0x00000002   Code   RO          449    i.NMI_Handler       stm32f4xx_it.o
    0x080025c4   0x080025c4   0x00000002   Code   RO          450    i.PendSV_Handler    stm32f4xx_it.o
    0x080025c6   0x080025c6   0x00000002   PAD
    0x080025c8   0x080025c8   0x00000080   Code   RO         6003    i.QueryDataFromFPGA_Polling  com_fpga.o
    0x08002648   0x08002648   0x0000000c   Code   RO         6004    i.ReadDataBus       com_fpga.o
    0x08002654   0x08002654   0x00000002   Code   RO          451    i.SVC_Handler       stm32f4xx_it.o
    0x08002656   0x08002656   0x00000016   Code   RO         6069    i.Soft_SPI_Delay    softspi.o
    0x0800266c   0x0800266c   0x000000d0   Code   RO         6070    i.Soft_SPI_Init     softspi.o
    0x0800273c   0x0800273c   0x00000040   Code   RO         6071    i.Soft_SPI_ReadBuffer  softspi.o
    0x0800277c   0x0800277c   0x00000044   Code   RO         6073    i.Soft_SPI_TransferBuffer  softspi.o
    0x080027c0   0x080027c0   0x000000e8   Code   RO         6074    i.Soft_SPI_TransferByte  softspi.o
    0x080028a8   0x080028a8   0x00000004   Code   RO          452    i.SysTick_Handler   stm32f4xx_it.o
    0x080028ac   0x080028ac   0x00000090   Code   RO           14    i.SystemClock_Config  main.o
    0x0800293c   0x0800293c   0x00000010   Code   RO         3697    i.SystemInit        system_stm32f4xx.o
    0x0800294c   0x0800294c   0x0000000c   Code   RO          453    i.TIM1_UP_TIM10_IRQHandler  stm32f4xx_it.o
    0x08002958   0x08002958   0x00000098   Code   RO         2461    i.TIM_Base_SetConfig  stm32f4xx_hal_tim.o
    0x080029f0   0x080029f0   0x00000014   Code   RO         2472    i.TIM_ETR_SetConfig  stm32f4xx_hal_tim.o
    0x08002a04   0x08002a04   0x00000010   Code   RO         2473    i.TIM_ITRx_SetConfig  stm32f4xx_hal_tim.o
    0x08002a14   0x08002a14   0x00000022   Code   RO         2479    i.TIM_TI1_ConfigInputStage  stm32f4xx_hal_tim.o
    0x08002a36   0x08002a36   0x00000024   Code   RO         2481    i.TIM_TI2_ConfigInputStage  stm32f4xx_hal_tim.o
    0x08002a5a   0x08002a5a   0x00000002   PAD
    0x08002a5c   0x08002a5c   0x0000010c   Code   RO         3394    i.UART_SetConfig    stm32f4xx_hal_uart.o
    0x08002b68   0x08002b68   0x00000078   Code   RO         3397    i.UART_WaitOnFlagUntilTimeout  stm32f4xx_hal_uart.o
    0x08002be0   0x08002be0   0x00000002   Code   RO          454    i.UsageFault_Handler  stm32f4xx_it.o
    0x08002be2   0x08002be2   0x00000002   PAD
    0x08002be4   0x08002be4   0x00000020   Code   RO         6386    i.__0printf         mc_w.l(printfa.o)
    0x08002c04   0x08002c04   0x00000020   Code   RO         1669    i.__NVIC_SetPriority  stm32f4xx_hal_cortex.o
    0x08002c24   0x08002c24   0x00000026   Code   RO         3734    i.__ad9361_spi_readf  ad9361.o
    0x08002c4a   0x08002c4a   0x00000040   Code   RO         3735    i.__ad9361_spi_writef  ad9361.o
    0x08002c8a   0x08002c8a   0x00000064   Code   RO         3736    i.__ad9361_tx_quad_calib  ad9361.o
    0x08002cee   0x08002cee   0x00000002   PAD
    0x08002cf0   0x08002cf0   0x0000008c   Code   RO         3737    i.__ad9361_update_rf_bandwidth  ad9361.o
    0x08002d7c   0x08002d7c   0x00000004   PAD
    0x08002d80   0x08002d80   0x00000038   Code   RO         6130    i.__hardfp_atof     m_wm.l(atof.o)
    0x08002db8   0x08002db8   0x0000000c   Code   RO         6492    i.__read_errno      mc_w.l(errno.o)
    0x08002dc4   0x08002dc4   0x0000000e   Code   RO         6530    i.__scatterload_copy  mc_w.l(handlers.o)
    0x08002dd2   0x08002dd2   0x00000002   Code   RO         6531    i.__scatterload_null  mc_w.l(handlers.o)
    0x08002dd4   0x08002dd4   0x0000000e   Code   RO         6532    i.__scatterload_zeroinit  mc_w.l(handlers.o)
    0x08002de2   0x08002de2   0x00000002   PAD
    0x08002de4   0x08002de4   0x0000000c   Code   RO         6493    i.__set_errno       mc_w.l(errno.o)
    0x08002df0   0x08002df0   0x00000184   Code   RO         6393    i._fp_digits        mc_w.l(printfa.o)
    0x08002f74   0x08002f74   0x0000000e   Code   RO         6519    i._is_digit         mc_w.l(scanf_fp.o)
    0x08002f82   0x08002f82   0x00000002   PAD
    0x08002f84   0x08002f84   0x000006b4   Code   RO         6394    i._printf_core      mc_w.l(printfa.o)
    0x08003638   0x08003638   0x00000024   Code   RO         6395    i._printf_post_padding  mc_w.l(printfa.o)
    0x0800365c   0x0800365c   0x0000002e   Code   RO         6396    i._printf_pre_padding  mc_w.l(printfa.o)
    0x0800368a   0x0800368a   0x0000001c   Code   RO         3738    i.ad9361_1rx1tx_channel_map  ad9361.o
    0x080036a6   0x080036a6   0x00000002   PAD
    0x080036a8   0x080036a8   0x00000098   Code   RO         3739    i.ad9361_auxadc_setup  ad9361.o
    0x08003740   0x08003740   0x000000fc   Code   RO         3741    i.ad9361_auxdac_set  ad9361.o
    0x0800383c   0x0800383c   0x000000b8   Code   RO         3742    i.ad9361_auxdac_setup  ad9361.o
    0x080038f4   0x080038f4   0x0000004c   Code   RO         3743    i.ad9361_bbpll_recalc_rate  ad9361.o
    0x08003940   0x08003940   0x0000007c   Code   RO         3744    i.ad9361_bbpll_round_rate  ad9361.o
    0x080039bc   0x080039bc   0x00000160   Code   RO         3745    i.ad9361_bbpll_set_rate  ad9361.o
    0x08003b1c   0x08003b1c   0x000000a4   Code   RO         3746    i.ad9361_bist_loopback  ad9361.o
    0x08003bc0   0x08003bc0   0x00000054   Code   RO         3747    i.ad9361_bist_prbs  ad9361.o
    0x08003c14   0x08003c14   0x00000098   Code   RO         3749    i.ad9361_calc_rfpll_int_divder  ad9361.o
    0x08003cac   0x08003cac   0x000002d4   Code   RO         3750    i.ad9361_calculate_rf_clock_chain  ad9361.o
    0x08003f80   0x08003f80   0x00000084   Code   RO         3751    i.ad9361_check_cal_done  ad9361.o
    0x08004004   0x08004004   0x00000016   Code   RO         3753    i.ad9361_clk_factor_recalc_rate  ad9361.o
    0x0800401a   0x0800401a   0x00000002   PAD
    0x0800401c   0x0800401c   0x00000070   Code   RO         3754    i.ad9361_clk_factor_round_rate  ad9361.o
    0x0800408c   0x0800408c   0x0000009c   Code   RO         3755    i.ad9361_clk_factor_set_rate  ad9361.o
    0x08004128   0x08004128   0x00000068   Code   RO         3756    i.ad9361_clk_mux_set_parent  ad9361.o
    0x08004190   0x08004190   0x00000118   Code   RO         3757    i.ad9361_clk_register  ad9361.o
    0x080042a8   0x080042a8   0x00000520   Code   RO         4894    i.ad9361_dig_tune   ad9361_conv.o
    0x080047c8   0x080047c8   0x00000110   Code   RO         4895    i.ad9361_dig_tune_iodelay  ad9361_conv.o
    0x080048d8   0x080048d8   0x000000a8   Code   RO         4896    i.ad9361_dig_tune_verbose_print  ad9361_conv.o
    0x08004980   0x08004980   0x000000a4   Code   RO         3758    i.ad9361_do_calib_run  ad9361.o
    0x08004a24   0x08004a24   0x00000020   Code   RO         3759    i.ad9361_en_dis_rx  ad9361.o
    0x08004a44   0x08004a44   0x00000020   Code   RO         3760    i.ad9361_en_dis_tx  ad9361.o
    0x08004a64   0x08004a64   0x00000154   Code   RO         3761    i.ad9361_ensm_force_state  ad9361.o
    0x08004bb8   0x08004bb8   0x00000100   Code   RO         3762    i.ad9361_ensm_restore_prev_state  ad9361.o
    0x08004cb8   0x08004cb8   0x000002fc   Code   RO         3763    i.ad9361_ensm_set_state  ad9361.o
    0x08004fb4   0x08004fb4   0x0000018c   Code   RO         3765    i.ad9361_fastlock_prepare  ad9361.o
    0x08005140   0x08005140   0x0000002c   Code   RO         3766    i.ad9361_fastlock_readval  ad9361.o
    0x0800516c   0x0800516c   0x00000050   Code   RO         3770    i.ad9361_find_opt   ad9361.o
    0x080051bc   0x080051bc   0x00000008   Code   RO         3771    i.ad9361_from_clk   ad9361.o
    0x080051c4   0x080051c4   0x0000078e   Code   RO         3772    i.ad9361_gc_setup   ad9361.o
    0x08005952   0x08005952   0x00000002   PAD
    0x08005954   0x08005954   0x00000234   Code   RO         3773    i.ad9361_gc_update  ad9361.o
    0x08005b88   0x08005b88   0x00000160   Code   RO         3778    i.ad9361_get_clk_scaler  ad9361.o
    0x08005ce8   0x08005ce8   0x00000076   Code   RO         3779    i.ad9361_get_full_table_gain  ad9361.o
    0x08005d5e   0x08005d5e   0x00000012   Code   RO         4449    i.ad9361_get_rx_fir_en_dis  ad9361_api.o
    0x08005d70   0x08005d70   0x0000010c   Code   RO         3780    i.ad9361_get_rx_gain  ad9361.o
    0x08005e7c   0x08005e7c   0x0000000c   Code   RO         4450    i.ad9361_get_rx_gain_control_mode  ad9361_api.o
    0x08005e88   0x08005e88   0x00000018   Code   RO         4451    i.ad9361_get_rx_lo_freq  ad9361_api.o
    0x08005ea0   0x08005ea0   0x0000000a   Code   RO         4454    i.ad9361_get_rx_rf_bandwidth  ad9361_api.o
    0x08005eaa   0x08005eaa   0x00000002   PAD
    0x08005eac   0x08005eac   0x00000078   Code   RO         4455    i.ad9361_get_rx_rf_gain  ad9361_api.o
    0x08005f24   0x08005f24   0x00000010   Code   RO         4459    i.ad9361_get_rx_sampling_freq  ad9361_api.o
    0x08005f34   0x08005f34   0x000000d8   Code   RO         3781    i.ad9361_get_split_table_gain  ad9361.o
    0x0800600c   0x0800600c   0x00000026   Code   RO         3784    i.ad9361_get_tx_atten  ad9361.o
    0x08006032   0x08006032   0x00000002   PAD
    0x08006034   0x08006034   0x0000006c   Code   RO         4462    i.ad9361_get_tx_attenuation  ad9361_api.o
    0x080060a0   0x080060a0   0x00000012   Code   RO         4465    i.ad9361_get_tx_fir_en_dis  ad9361_api.o
    0x080060b2   0x080060b2   0x00000018   Code   RO         4466    i.ad9361_get_tx_lo_freq  ad9361_api.o
    0x080060ca   0x080060ca   0x0000000a   Code   RO         4468    i.ad9361_get_tx_rf_bandwidth  ad9361_api.o
    0x080060d4   0x080060d4   0x00000012   Code   RO         4471    i.ad9361_get_tx_sampling_freq  ad9361_api.o
    0x080060e6   0x080060e6   0x00000002   PAD
    0x080060e8   0x080060e8   0x000000cc   Code   RO         3785    i.ad9361_gpo_setup  ad9361.o
    0x080061b4   0x080061b4   0x00000028   Code   RO         3786    i.ad9361_gt_tableindex  ad9361.o
    0x080061dc   0x080061dc   0x0000008c   Code   RO         4897    i.ad9361_hdl_loopback  ad9361_conv.o
    0x08006268   0x08006268   0x00000cfc   Code   RO         4472    i.ad9361_init       ad9361_api.o
    0x08006f64   0x08006f64   0x00000014   Code   RO         3787    i.ad9361_init_gain_info  ad9361.o
    0x08006f78   0x08006f78   0x0000004a   Code   RO         3788    i.ad9361_init_gain_tables  ad9361.o
    0x08006fc2   0x08006fc2   0x0000001e   Code   RO         3789    i.ad9361_int_loopback_fix_ch_cross  ad9361.o
    0x08006fe0   0x08006fe0   0x0000002a   Code   RO         4898    i.ad9361_iodelay_set  ad9361_conv.o
    0x0800700a   0x0800700a   0x00000002   PAD
    0x0800700c   0x0800700c   0x00000238   Code   RO         3790    i.ad9361_load_fir_filter_coef  ad9361.o
    0x08007244   0x08007244   0x000001a0   Code   RO         3791    i.ad9361_load_gt    ad9361.o
    0x080073e4   0x080073e4   0x000000d0   Code   RO         3792    i.ad9361_load_mixer_gm_subtable  ad9361.o
    0x080074b4   0x080074b4   0x00000020   Code   RO         4899    i.ad9361_midscale_iodelay  ad9361_conv.o
    0x080074d4   0x080074d4   0x00000118   Code   RO         4900    i.ad9361_post_setup  ad9361_conv.o
    0x080075ec   0x080075ec   0x000000e8   Code   RO         3795    i.ad9361_pp_port_setup  ad9361.o
    0x080076d4   0x080076d4   0x00000026   Code   RO         3797    i.ad9361_ref_div_sel  ad9361.o
    0x080076fa   0x080076fa   0x00000002   PAD
    0x080076fc   0x080076fc   0x000000bc   Code   RO         3798    i.ad9361_reset      ad9361.o
    0x080077b8   0x080077b8   0x000000dc   Code   RO         3799    i.ad9361_rf_dc_offset_calib  ad9361.o
    0x08007894   0x08007894   0x00000084   Code   RO         3800    i.ad9361_rf_port_setup  ad9361.o
    0x08007918   0x08007918   0x0000000e   Code   RO         3801    i.ad9361_rfpll_dummy_recalc_rate  ad9361.o
    0x08007926   0x08007926   0x00000010   Code   RO         3802    i.ad9361_rfpll_dummy_set_rate  ad9361.o
    0x08007936   0x08007936   0x00000002   PAD
    0x08007938   0x08007938   0x00000160   Code   RO         3803    i.ad9361_rfpll_int_recalc_rate  ad9361.o
    0x08007a98   0x08007a98   0x00000060   Code   RO         3804    i.ad9361_rfpll_int_round_rate  ad9361.o
    0x08007af8   0x08007af8   0x0000025c   Code   RO         3805    i.ad9361_rfpll_int_set_rate  ad9361.o
    0x08007d54   0x08007d54   0x00000052   Code   RO         3806    i.ad9361_rfpll_recalc_rate  ad9361.o
    0x08007da6   0x08007da6   0x00000072   Code   RO         3807    i.ad9361_rfpll_round_rate  ad9361.o
    0x08007e18   0x08007e18   0x0000010c   Code   RO         3808    i.ad9361_rfpll_set_rate  ad9361.o
    0x08007f24   0x08007f24   0x0000021c   Code   RO         3809    i.ad9361_rfpll_vco_init  ad9361.o
    0x08008140   0x08008140   0x000001f8   Code   RO         3811    i.ad9361_rssi_setup  ad9361.o
    0x08008338   0x08008338   0x00000054   Code   RO         3812    i.ad9361_run_calibration  ad9361.o
    0x0800838c   0x0800838c   0x000006fc   Code   RO         3813    i.ad9361_rx_adc_setup  ad9361.o
    0x08008a88   0x08008a88   0x00000140   Code   RO         3814    i.ad9361_rx_bb_analog_filter_calib  ad9361.o
    0x08008bc8   0x08008bc8   0x00000154   Code   RO         3815    i.ad9361_rx_tia_calib  ad9361.o
    0x08008d1c   0x08008d1c   0x0000025a   Code   RO         3816    i.ad9361_set_clk_scaler  ad9361.o
    0x08008f76   0x08008f76   0x00000002   PAD
    0x08008f78   0x08008f78   0x00000068   Code   RO         3817    i.ad9361_set_dcxo_tune  ad9361.o
    0x08008fe0   0x08008fe0   0x00000066   Code   RO         4477    i.ad9361_set_en_state_machine_mode  ad9361_api.o
    0x08009046   0x08009046   0x00000002   PAD
    0x08009048   0x08009048   0x0000006a   Code   RO         3818    i.ad9361_set_ensm_mode  ad9361.o
    0x080090b2   0x080090b2   0x00000002   PAD
    0x080090b4   0x080090b4   0x0000014c   Code   RO         3819    i.ad9361_set_gain_ctrl_mode  ad9361.o
    0x08009200   0x08009200   0x00000026   Code   RO         4480    i.ad9361_set_rx_fir_config  ad9361_api.o
    0x08009226   0x08009226   0x00000002   PAD
    0x08009228   0x08009228   0x00000030   Code   RO         4481    i.ad9361_set_rx_fir_en_dis  ad9361_api.o
    0x08009258   0x08009258   0x000000e0   Code   RO         3820    i.ad9361_set_rx_gain  ad9361.o
    0x08009338   0x08009338   0x0000007c   Code   RO         4482    i.ad9361_set_rx_gain_control_mode  ad9361_api.o
    0x080093b4   0x080093b4   0x0000001c   Code   RO         4483    i.ad9361_set_rx_lo_freq  ad9361_api.o
    0x080093d0   0x080093d0   0x00000024   Code   RO         4487    i.ad9361_set_rx_rf_bandwidth  ad9361_api.o
    0x080093f4   0x080093f4   0x00000078   Code   RO         4488    i.ad9361_set_rx_rf_gain  ad9361_api.o
    0x0800946c   0x0800946c   0x00000032   Code   RO         4491    i.ad9361_set_rx_sampling_freq  ad9361_api.o
    0x0800949e   0x0800949e   0x00000002   PAD
    0x080094a0   0x080094a0   0x000001d0   Code   RO         3821    i.ad9361_set_trx_clock_chain  ad9361.o
    0x08009670   0x08009670   0x00000028   Code   RO         3822    i.ad9361_set_trx_clock_chain_freq  ad9361.o
    0x08009698   0x08009698   0x000000d4   Code   RO         3823    i.ad9361_set_tx_atten  ad9361.o
    0x0800976c   0x0800976c   0x00000088   Code   RO         4496    i.ad9361_set_tx_attenuation  ad9361_api.o
    0x080097f4   0x080097f4   0x00000022   Code   RO         4498    i.ad9361_set_tx_fir_config  ad9361_api.o
    0x08009816   0x08009816   0x00000002   PAD
    0x08009818   0x08009818   0x00000030   Code   RO         4499    i.ad9361_set_tx_fir_en_dis  ad9361_api.o
    0x08009848   0x08009848   0x0000001c   Code   RO         4500    i.ad9361_set_tx_lo_freq  ad9361_api.o
    0x08009864   0x08009864   0x00000024   Code   RO         4503    i.ad9361_set_tx_rf_bandwidth  ad9361_api.o
    0x08009888   0x08009888   0x00000014   Code   RO         4504    i.ad9361_set_tx_rf_port_output  ad9361_api.o
    0x0800989c   0x0800989c   0x00000032   Code   RO         4505    i.ad9361_set_tx_sampling_freq  ad9361_api.o
    0x080098ce   0x080098ce   0x00000002   PAD
    0x080098d0   0x080098d0   0x000007c0   Code   RO         3824    i.ad9361_setup      ad9361.o
    0x0800a090   0x0800a090   0x00000014   Code   RO         3825    i.ad9361_spi_read   ad9361.o
    0x0800a0a4   0x0800a0a4   0x00000060   Code   RO         3826    i.ad9361_spi_readm  ad9361.o
    0x0800a104   0x0800a104   0x00000054   Code   RO         3827    i.ad9361_spi_write  ad9361.o
    0x0800a158   0x0800a158   0x0000007c   Code   RO         3828    i.ad9361_spi_writem  ad9361.o
    0x0800a1d4   0x0800a1d4   0x00000008   Code   RO         3830    i.ad9361_to_clk     ad9361.o
    0x0800a1dc   0x0800a1dc   0x00000032   Code   RO         3831    i.ad9361_to_refclk_scaler  ad9361.o
    0x0800a20e   0x0800a20e   0x00000002   PAD
    0x0800a210   0x0800a210   0x000000f4   Code   RO         3832    i.ad9361_tracking_control  ad9361.o
    0x0800a304   0x0800a304   0x00000190   Code   RO         3833    i.ad9361_trx_ext_lo_control  ad9361.o
    0x0800a494   0x0800a494   0x00000054   Code   RO         3834    i.ad9361_trx_vco_cal_control  ad9361.o
    0x0800a4e8   0x0800a4e8   0x000000c8   Code   RO         3835    i.ad9361_tx_bb_analog_filter_calib  ad9361.o
    0x0800a5b0   0x0800a5b0   0x00000128   Code   RO         3836    i.ad9361_tx_bb_second_filter_calib  ad9361.o
    0x0800a6d8   0x0800a6d8   0x00000064   Code   RO         3837    i.ad9361_tx_mute    ad9361.o
    0x0800a73c   0x0800a73c   0x0000042c   Code   RO         3838    i.ad9361_tx_quad_calib  ad9361.o
    0x0800ab68   0x0800ab68   0x0000009c   Code   RO         3839    i.ad9361_tx_quad_phase_search  ad9361.o
    0x0800ac04   0x0800ac04   0x00000078   Code   RO         3840    i.ad9361_txmon_control  ad9361.o
    0x0800ac7c   0x0800ac7c   0x000000a8   Code   RO         3841    i.ad9361_txmon_setup  ad9361.o
    0x0800ad24   0x0800ad24   0x00000120   Code   RO         3842    i.ad9361_txrx_synth_cp_calib  ad9361.o
    0x0800ae44   0x0800ae44   0x00000062   Code   RO         3843    i.ad9361_update_rf_bandwidth  ad9361.o
    0x0800aea6   0x0800aea6   0x00000002   PAD
    0x0800aea8   0x0800aea8   0x00000304   Code   RO         3844    i.ad9361_validate_enable_fir  ad9361.o
    0x0800b1ac   0x0800b1ac   0x00000028   Code   RO         3845    i.ad9361_validate_rf_bw  ad9361.o
    0x0800b1d4   0x0800b1d4   0x00000044   Code   RO         3846    i.ad9361_validate_rfpll  ad9361.o
    0x0800b218   0x0800b218   0x000000c8   Code   RO         3847    i.ad9361_validate_trx_clock_chain  ad9361.o
    0x0800b2e0   0x0800b2e0   0x00000010   Code   RO         4971    i.adc_init          adc_core.o
    0x0800b2f0   0x0800b2f0   0x00000002   Code   RO         4972    i.adc_read          adc_core.o
    0x0800b2f2   0x0800b2f2   0x00000002   Code   RO         4976    i.adc_write         adc_core.o
    0x0800b2f4   0x0800b2f4   0x0000003e   Code   RO         5748    i.axiadc_idelay_set  platform.o
    0x0800b332   0x0800b332   0x00000016   Code   RO         5749    i.axiadc_init       platform.o
    0x0800b348   0x0800b348   0x00000004   Code   RO         5750    i.axiadc_post_setup  platform.o
    0x0800b34c   0x0800b34c   0x0000000e   Code   RO         5751    i.axiadc_read       platform.o
    0x0800b35a   0x0800b35a   0x0000006c   Code   RO         5752    i.axiadc_set_pnsel  platform.o
    0x0800b3c6   0x0800b3c6   0x00000006   Code   RO         5753    i.axiadc_write      platform.o
    0x0800b3cc   0x0800b3cc   0x00000358   Code   RO         5073    i.cal_lo_diff       command.o
    0x0800b724   0x0800b724   0x00000078   Code   RO         5868    i.clk_get_rate      util.o
    0x0800b79c   0x0800b79c   0x00000004   Code   RO         5869    i.clk_prepare_enable  util.o
    0x0800b7a0   0x0800b7a0   0x0000020e   Code   RO         5870    i.clk_set_rate      util.o
    0x0800b9ae   0x0800b9ae   0x00000002   PAD
    0x0800b9b0   0x0800b9b0   0x00000258   Code   RO         5497    i.console_check_commands  console.o
    0x0800bc08   0x0800bc08   0x0000002a   Code   RO         5498    i.console_get_command  console.o
    0x0800bc32   0x0800bc32   0x00000002   PAD
    0x0800bc34   0x0800bc34   0x000001a8   Code   RO         5500    i.console_print     console.o
    0x0800bddc   0x0800bddc   0x00000002   Code   RO         5579    i.dac_init          dac_core.o
    0x0800bdde   0x0800bdde   0x00000002   Code   RO         5581    i.dac_start_sync    dac_core.o
    0x0800bde0   0x0800bde0   0x00000002   Code   RO         5582    i.dac_stop          dac_core.o
    0x0800bde2   0x0800bde2   0x00000002   PAD
    0x0800bde4   0x0800bde4   0x0000004c   Code   RO         5595    i.dds_set_frequency  dac_core.o
    0x0800be30   0x0800be30   0x00000048   Code   RO         5596    i.dds_set_phase     dac_core.o
    0x0800be78   0x0800be78   0x0000006c   Code   RO         5597    i.dds_set_scale     dac_core.o
    0x0800bee4   0x0800bee4   0x00000028   Code   RO         5074    i.dds_tx2_tone2_scale  command.o
    0x0800bf0c   0x0800bf0c   0x0000005c   Code   RO         5599    i.dds_update        dac_core.o
    0x0800bf68   0x0800bf68   0x00000016   Code   RO         5871    i.do_div            util.o
    0x0800bf7e   0x0800bf7e   0x00000002   PAD
    0x0800bf80   0x0800bf80   0x00000054   Code   RO         5075    i.fan_state_set     command.o
    0x0800bfd4   0x0800bfd4   0x00000030   Code   RO         5872    i.find_first_bit    util.o
    0x0800c004   0x0800c004   0x00000018   Code   RO          395    i.fputc             usart.o
    0x0800c01c   0x0800c01c   0x00000050   Code   RO         6414    i.free              mc_w.l(malloc.o)
    0x0800c06c   0x0800c06c   0x00000028   Code   RO         5076    i.get_dds_tx1_tone1_freq  command.o
    0x0800c094   0x0800c094   0x00000030   Code   RO         5077    i.get_dds_tx1_tone1_phase  command.o
    0x0800c0c4   0x0800c0c4   0x00000028   Code   RO         5078    i.get_dds_tx1_tone1_scale  command.o
    0x0800c0ec   0x0800c0ec   0x00000028   Code   RO         5079    i.get_dds_tx1_tone2_freq  command.o
    0x0800c114   0x0800c114   0x00000030   Code   RO         5080    i.get_dds_tx1_tone2_phase  command.o
    0x0800c144   0x0800c144   0x00000028   Code   RO         5081    i.get_dds_tx1_tone2_scale  command.o
    0x0800c16c   0x0800c16c   0x00000028   Code   RO         5082    i.get_dds_tx2_tone1_freq  command.o
    0x0800c194   0x0800c194   0x00000030   Code   RO         5083    i.get_dds_tx2_tone1_phase  command.o
    0x0800c1c4   0x0800c1c4   0x00000028   Code   RO         5084    i.get_dds_tx2_tone1_scale  command.o
    0x0800c1ec   0x0800c1ec   0x00000028   Code   RO         5085    i.get_dds_tx2_tone2_freq  command.o
    0x0800c214   0x0800c214   0x00000030   Code   RO         5086    i.get_dds_tx2_tone2_phase  command.o
    0x0800c244   0x0800c244   0x0000004c   Code   RO         5087    i.get_help          command.o
    0x0800c290   0x0800c290   0x00000034   Code   RO         5088    i.get_lo_diff       command.o
    0x0800c2c4   0x0800c2c4   0x0000002c   Code   RO         5089    i.get_register      command.o
    0x0800c2f0   0x0800c2f0   0x00000030   Code   RO         5090    i.get_rx1_gc_mode   command.o
    0x0800c320   0x0800c320   0x0000002c   Code   RO         5091    i.get_rx1_rf_gain   command.o
    0x0800c34c   0x0800c34c   0x00000030   Code   RO         5092    i.get_rx2_gc_mode   command.o
    0x0800c37c   0x0800c37c   0x0000002c   Code   RO         5093    i.get_rx2_rf_gain   command.o
    0x0800c3a8   0x0800c3a8   0x0000002c   Code   RO         5094    i.get_rx_fir_en     command.o
    0x0800c3d4   0x0800c3d4   0x00000040   Code   RO         5095    i.get_rx_lo_freq    command.o
    0x0800c414   0x0800c414   0x00000030   Code   RO         5096    i.get_rx_rf_bandwidth  command.o
    0x0800c444   0x0800c444   0x00000030   Code   RO         5097    i.get_rx_samp_freq  command.o
    0x0800c474   0x0800c474   0x00000030   Code   RO         5098    i.get_tx1_attenuation  command.o
    0x0800c4a4   0x0800c4a4   0x00000030   Code   RO         5099    i.get_tx2_attenuation  command.o
    0x0800c4d4   0x0800c4d4   0x0000002c   Code   RO         5100    i.get_tx_fir_en     command.o
    0x0800c500   0x0800c500   0x00000040   Code   RO         5101    i.get_tx_lo_freq    command.o
    0x0800c540   0x0800c540   0x00000030   Code   RO         5102    i.get_tx_rf_bandwidth  command.o
    0x0800c570   0x0800c570   0x00000030   Code   RO         5103    i.get_tx_samp_freq  command.o
    0x0800c5a0   0x0800c5a0   0x00000048   Code   RO         5754    i.gpio_data         platform.o
    0x0800c5e8   0x0800c5e8   0x0000000c   Code   RO         5757    i.gpio_is_valid     platform.o
    0x0800c5f4   0x0800c5f4   0x00000008   Code   RO         5758    i.gpio_set_value    platform.o
    0x0800c5fc   0x0800c5fc   0x00000064   Code   RO         5873    i.ilog2             util.o
    0x0800c660   0x0800c660   0x00000022   Code   RO         5874    i.int_sqrt          util.o
    0x0800c682   0x0800c682   0x00000002   PAD
    0x0800c684   0x0800c684   0x00000060   Code   RO         5501    i.int_to_str        console.o
    0x0800c6e4   0x0800c6e4   0x0000040c   Code   RO           15    i.main              main.o
    0x0800caf0   0x0800caf0   0x0000006c   Code   RO         6415    i.malloc            mc_w.l(malloc.o)
    0x0800cb5c   0x0800cb5c   0x00000004   Code   RO         5759    i.mdelay            platform.o
    0x0800cb60   0x0800cb60   0x00000020   Code   RO         5104    i.query_led_state   command.o
    0x0800cb80   0x0800cb80   0x00000078   Code   RO         5105    i.query_led_state_set  command.o
    0x0800cbf8   0x0800cbf8   0x00000144   Code   RO         5106    i.query_temp        command.o
    0x0800cd3c   0x0800cd3c   0x000002d4   Code   RO         3848    i.register_clocks   ad9361.o
    0x0800d010   0x0800d010   0x000000a0   Code   RO         5107    i.rx_lo_down        command.o
    0x0800d0b0   0x0800d0b0   0x0000009c   Code   RO         5108    i.rx_lo_up          command.o
    0x0800d14c   0x0800d14c   0x0000005c   Code   RO         5109    i.set_dds_tx1_tone1_freq  command.o
    0x0800d1a8   0x0800d1a8   0x00000080   Code   RO         5110    i.set_dds_tx1_tone1_phase  command.o
    0x0800d228   0x0800d228   0x00000064   Code   RO         5111    i.set_dds_tx1_tone1_scale  command.o
    0x0800d28c   0x0800d28c   0x0000005c   Code   RO         5112    i.set_dds_tx1_tone2_freq  command.o
    0x0800d2e8   0x0800d2e8   0x00000080   Code   RO         5113    i.set_dds_tx1_tone2_phase  command.o
    0x0800d368   0x0800d368   0x00000064   Code   RO         5114    i.set_dds_tx1_tone2_scale  command.o
    0x0800d3cc   0x0800d3cc   0x0000005c   Code   RO         5115    i.set_dds_tx2_tone1_freq  command.o
    0x0800d428   0x0800d428   0x00000080   Code   RO         5116    i.set_dds_tx2_tone1_phase  command.o
    0x0800d4a8   0x0800d4a8   0x00000064   Code   RO         5117    i.set_dds_tx2_tone1_scale  command.o
    0x0800d50c   0x0800d50c   0x0000005c   Code   RO         5118    i.set_dds_tx2_tone2_freq  command.o
    0x0800d568   0x0800d568   0x00000080   Code   RO         5119    i.set_dds_tx2_tone2_phase  command.o
    0x0800d5e8   0x0800d5e8   0x00000064   Code   RO         5120    i.set_dds_tx2_tone2_scale  command.o
    0x0800d64c   0x0800d64c   0x000000f4   Code   RO         3849    i.set_full_table_gain  ad9361.o
    0x0800d740   0x0800d740   0x00000048   Code   RO         5121    i.set_rx1_gc_mode   command.o
    0x0800d788   0x0800d788   0x00000048   Code   RO         5122    i.set_rx1_rf_gain   command.o
    0x0800d7d0   0x0800d7d0   0x00000048   Code   RO         5123    i.set_rx2_gc_mode   command.o
    0x0800d818   0x0800d818   0x00000048   Code   RO         5124    i.set_rx2_rf_gain   command.o
    0x0800d860   0x0800d860   0x00000048   Code   RO         5125    i.set_rx_fir_en     command.o
    0x0800d8a8   0x0800d8a8   0x00000068   Code   RO         5126    i.set_rx_lo_freq    command.o
    0x0800d910   0x0800d910   0x0000004c   Code   RO         5127    i.set_rx_rf_bandwidth  command.o
    0x0800d95c   0x0800d95c   0x00000054   Code   RO         5128    i.set_rx_samp_freq  command.o
    0x0800d9b0   0x0800d9b0   0x000001fc   Code   RO         3850    i.set_split_table_gain  ad9361.o
    0x0800dbac   0x0800dbac   0x0000004c   Code   RO         5129    i.set_tx1_attenuation  command.o
    0x0800dbf8   0x0800dbf8   0x0000004c   Code   RO         5130    i.set_tx2_attenuation  command.o
    0x0800dc44   0x0800dc44   0x00000048   Code   RO         5131    i.set_tx_fir_en     command.o
    0x0800dc8c   0x0800dc8c   0x00000068   Code   RO         5132    i.set_tx_lo_freq    command.o
    0x0800dcf4   0x0800dcf4   0x0000002c   Code   RO         5133    i.set_tx_rf_bandwidth  command.o
    0x0800dd20   0x0800dd20   0x00000054   Code   RO         5134    i.set_tx_samp_freq  command.o
    0x0800dd74   0x0800dd74   0x0000005c   Code   RO         5135    i.show_invalid_param_message  command.o
    0x0800ddd0   0x0800ddd0   0x00000048   Code   RO         5763    i.spi_write_then_read  platform.o
    0x0800de18   0x0800de18   0x00000014   Code   RO         5503    i.uart_read_char    console.o
    0x0800de2c   0x0800de2c   0x00000018   Code   RO         5504    i.uart_write_char   console.o
    0x0800de44   0x0800de44   0x00000014   Code   RO         5505    i.uart_write_string  console.o
    0x0800de58   0x0800de58   0x00000012   Code   RO         5764    i.udelay            platform.o
    0x0800de6a   0x0800de6a   0x0000001c   Code   RO         5875    i.zmalloc           util.o
    0x0800de86   0x0800de86   0x00000010   Data   RO         3698    .constdata          system_stm32f4xx.o
    0x0800de96   0x0800de96   0x00000008   Data   RO         3699    .constdata          system_stm32f4xx.o
    0x0800de9e   0x0800de9e   0x00000002   PAD
    0x0800dea0   0x0800dea0   0x00001bb9   Data   RO         3853    .constdata          ad9361.o
    0x0800fa59   0x0800fa59   0x000000df   Data   RO         4511    .constdata          ad9361_api.o
    0x0800fb38   0x0800fb38   0x00000044   Data   RO         4901    .constdata          ad9361_conv.o
    0x0800fb7c   0x0800fb7c   0x00000001   Data   RO         5136    .constdata          command.o
    0x0800fb7d   0x0800fb7d   0x00000040   Data   RO         6522    .constdata          mc_w.l(ctype_c.o)
    0x0800fbbd   0x0800fbbd   0x00000003   PAD
    0x0800fbc0   0x0800fbc0   0x0000009f   Data   RO         3855    .conststring        ad9361.o
    0x0800fc5f   0x0800fc5f   0x00000001   PAD
    0x0800fc60   0x0800fc60   0x00000015   Data   RO         4512    .conststring        ad9361_api.o
    0x0800fc75   0x0800fc75   0x00000003   PAD
    0x0800fc78   0x0800fc78   0x00000c8d   Data   RO         5137    .conststring        command.o
    0x08010905   0x08010905   0x00000003   PAD
    0x08010908   0x08010908   0x00000020   Data   RO         6528    Region$$Table       anon$$obj.o


    Execution Region RW_IRAM1 (Exec base: 0x20000000, Load base: 0x08010928, Size: 0x00001f10, Max: 0x00020000, ABSOLUTE, COMPRESSED[0x000003f4])

    Exec Addr    Load Addr    Size         Type   Attr      Idx    E Section Name        Object

    0x20000000   COMPRESSED   0x00000470   Data   RW           17    .data               main.o
    0x20000470   COMPRESSED   0x0000000c   Data   RW         1813    .data               stm32f4xx_hal.o
    0x2000047c   COMPRESSED   0x00000004   Data   RW         3700    .data               system_stm32f4xx.o
    0x20000480   COMPRESSED   0x00000010   Data   RW         4513    .data               ad9361_api.o
    0x20000490   COMPRESSED   0x00000001   Data   RW         4977    .data               adc_core.o
    0x20000491   COMPRESSED   0x00000003   PAD
    0x20000494   COMPRESSED   0x000003f0   Data   RW         5138    .data               command.o
    0x20000884   COMPRESSED   0x00000011   Data   RW         5506    .data               console.o
    0x20000895   COMPRESSED   0x00000001   Data   RW         6076    .data               softspi.o
    0x20000896   COMPRESSED   0x00000002   PAD
    0x20000898   COMPRESSED   0x00000004   Data   RW         6482    .data               mc_w.l(stdout.o)
    0x2000089c   COMPRESSED   0x00000004   Data   RW         6489    .data               mc_w.l(mvars.o)
    0x200008a0   COMPRESSED   0x00000004   Data   RW         6490    .data               mc_w.l(mvars.o)
    0x200008a4   COMPRESSED   0x00000004   Data   RW         6494    .data               mc_w.l(errno.o)
    0x200008a8        -       0x00000046   Zero   RW           16    .bss                main.o
    0x200008ee   COMPRESSED   0x00000002   PAD
    0x200008f0        -       0x00000048   Zero   RW          269    .bss                adc.o
    0x20000938        -       0x00000058   Zero   RW          311    .bss                spi.o
    0x20000990        -       0x00000048   Zero   RW          353    .bss                tim.o
    0x200009d8        -       0x00000044   Zero   RW          396    .bss                usart.o
    0x20000a1c        -       0x000000f0   Zero   RW         5600    .bss                dac_core.o
    0x20000b0c   COMPRESSED   0x00000004   PAD
    0x20000b10        -       0x00001000   Zero   RW            2    HEAP                startup_stm32f411xe.o
    0x20001b10        -       0x00000400   Zero   RW            1    STACK               startup_stm32f411xe.o


==============================================================================

Image component sizes


      Code (inc. data)   RO Data    RW Data    ZI Data      Debug   Object Name

     26766       4990       7256          0          0     168843   ad9361.o
      4600        452        244         16          0      33635   ad9361_api.o
      2246        194         68          0          0       9943   ad9361_conv.o
       148         28          0          0         72       1625   adc.o
        20          4          0          1          0       5220   adc_core.o
       140         14          0          0          0       1914   com_fpga.o
      5704       2166       3214       1008          0      47476   command.o
      1226         86          0         17          0       7375   console.o
       354         32          0          0        240       5193   dac_core.o
       272         18          0          0          0       1047   gpio.o
      1184        412          0       1136         70     516127   main.o
       402         22          0          0          0       8273   platform.o
       594         30          0          1          0       5696   softspi.o
       176         22          0          0         88       1745   spi.o
        36          8        408          0       5120        848   startup_stm32f411xe.o
       180         28          0         12          0       9377   stm32f4xx_hal.o
      1176         50          0          0          0       6005   stm32f4xx_hal_adc.o
       198         14          0          0          0      34039   stm32f4xx_hal_cortex.o
       540         40          0          0          0       4183   stm32f4xx_hal_gpio.o
        48          6          0          0          0        882   stm32f4xx_hal_msp.o
      1348         76          0          0          0       5324   stm32f4xx_hal_rcc.o
       188          0          0          0          0       1223   stm32f4xx_hal_spi.o
      1090         50          0          0          0      10964   stm32f4xx_hal_tim.o
       128         20          0          0          0       2513   stm32f4xx_hal_tim_ex.o
       856         10          0          0          0       5523   stm32f4xx_hal_uart.o
        40          6          0          0          0       5278   stm32f4xx_it.o
        16          4         24          4          0       1171   system_stm32f4xx.o
       164         18          0          0         72       1750   tim.o
       184         24          0          0         68       3662   usart.o
       884         40          0          0          0       6580   util.o

    ----------------------------------------------------------------------
     50976       8868      11255       2200       5736     913434   Object Totals
         0          0         32          0          0          0   (incl. Generated)
        68          4          9          5          6          0   (incl. Padding)

    ----------------------------------------------------------------------

      Code (inc. data)   RO Data    RW Data    ZI Data      Debug   Library Member Name

        56         12          0          0          0        132   atof.o
        94          0          0          0          0          0   __dclz77c.o
        64          0          0          0          0         84   _sgetc.o
        40          6         64          0          0         68   ctype_c.o
         0          0          0          0          0          0   entry.o
         0          0          0          0          0          0   entry10a.o
         0          0          0          0          0          0   entry11a.o
         4          0          0          0          0          0   entry12b.o
         8          4          0          0          0          0   entry2.o
         4          0          0          0          0          0   entry5.o
         0          0          0          0          0          0   entry7b.o
         0          0          0          0          0          0   entry8b.o
         8          4          0          0          0          0   entry9a.o
        24         12          0          4          0        136   errno.o
        30          0          0          0          0          0   handlers.o
        36          8          0          0          0         68   init.o
        10          0          0          0          0         68   isspace_c.o
         0          0          0          0          0          0   iusefp.o
        30          0          0          0          0         68   llshl.o
        36          0          0          0          0         68   llsshr.o
        32          0          0          0          0         68   llushr.o
       188         20          0          0          0        160   malloc.o
        36          0          0          0          0         68   memcpya.o
        36          0          0          0          0        108   memseta.o
         0          0          0          8          0          0   mvars.o
      2218         90          0          0          0        464   printfa.o
       878         12          0          0          0        216   scanf_fp.o
         0          0          0          4          0          0   stdout.o
       156         12          0          0          0        120   strtod.o
        44          0          0          0          0         80   uidiv.o
        98          0          0          0          0         92   uldiv.o
        48          0          0          0          0         68   cdcmple.o
        48          0          0          0          0         68   cdrcmple.o
        56          0          0          0          0         88   d2f.o
       334          0          0          0          0        148   dadd.o
       222          0          0          0          0        100   ddiv.o
       186          0          0          0          0        176   depilogue.o
        62          0          0          0          0         80   dfixi.o
        50          0          0          0          0         76   dfixui.o
        48          0          0          0          0         68   dfixul.o
        26          0          0          0          0         76   dfltui.o
        24          0          0          0          0         76   dfltul.o
       228          0          0          0          0         96   dmul.o
       110          0          0          0          0        168   fepilogue.o

    ----------------------------------------------------------------------
      5582        180         67         16          0       3356   Library Totals
        10          0          3          0          0          0   (incl. Padding)

    ----------------------------------------------------------------------

      Code (inc. data)   RO Data    RW Data    ZI Data      Debug   Library Name

        56         12          0          0          0        132   m_wm.l
      4074        168         64         16          0       1936   mc_w.l
      1442          0          0          0          0       1288   mf_w.l

    ----------------------------------------------------------------------
      5582        180         67         16          0       3356   Library Totals

    ----------------------------------------------------------------------

==============================================================================


      Code (inc. data)   RO Data    RW Data    ZI Data      Debug   

     56558       9048      11322       2216       5736     884210   Grand Totals
     56558       9048      11322       1012       5736     884210   ELF Image Totals (compressed)
     56558       9048      11322       1012          0          0   ROM Totals

==============================================================================

    Total RO  Size (Code + RO Data)                67880 (  66.29kB)
    Total RW  Size (RW Data + ZI Data)              7952 (   7.77kB)
    Total ROM Size (Code + RO Data + RW Data)      68892 (  67.28kB)

==============================================================================

